Archive member included to satisfy reference by file (symbol)

D:/Cloud/STM32CubeIDE/STM32CubeIDE_1.13.2/STM32CubeIDE/plugins/com.st.stm32cube.ide.mcu.externaltools.gnu-tools-for-stm32.11.3.rel1.win32_1.1.1.202309131626/tools/bin/../lib/gcc/arm-none-eabi/11.3.1/../../../../arm-none-eabi/lib/thumb/v7e-m+fp/hard\libc_nano.a(libc_a-exit.o)
                              D:/Cloud/STM32CubeIDE/STM32CubeIDE_1.13.2/STM32CubeIDE/plugins/com.st.stm32cube.ide.mcu.externaltools.gnu-tools-for-stm32.11.3.rel1.win32_1.1.1.202309131626/tools/bin/../lib/gcc/arm-none-eabi/11.3.1/../../../../arm-none-eabi/lib/thumb/v7e-m+fp/hard/crt0.o (exit)
D:/Cloud/STM32CubeIDE/STM32CubeIDE_1.13.2/STM32CubeIDE/plugins/com.st.stm32cube.ide.mcu.externaltools.gnu-tools-for-stm32.11.3.rel1.win32_1.1.1.202309131626/tools/bin/../lib/gcc/arm-none-eabi/11.3.1/../../../../arm-none-eabi/lib/thumb/v7e-m+fp/hard\libc_nano.a(libc_a-findfp.o)
                              D:/Cloud/STM32CubeIDE/STM32CubeIDE_1.13.2/STM32CubeIDE/plugins/com.st.stm32cube.ide.mcu.externaltools.gnu-tools-for-stm32.11.3.rel1.win32_1.1.1.202309131626/tools/bin/../lib/gcc/arm-none-eabi/11.3.1/../../../../arm-none-eabi/lib/thumb/v7e-m+fp/hard\libc_nano.a(libc_a-exit.o) (__stdio_exit_handler)
D:/Cloud/STM32CubeIDE/STM32CubeIDE_1.13.2/STM32CubeIDE/plugins/com.st.stm32cube.ide.mcu.externaltools.gnu-tools-for-stm32.11.3.rel1.win32_1.1.1.202309131626/tools/bin/../lib/gcc/arm-none-eabi/11.3.1/../../../../arm-none-eabi/lib/thumb/v7e-m+fp/hard\libc_nano.a(libc_a-fwalk.o)
                              D:/Cloud/STM32CubeIDE/STM32CubeIDE_1.13.2/STM32CubeIDE/plugins/com.st.stm32cube.ide.mcu.externaltools.gnu-tools-for-stm32.11.3.rel1.win32_1.1.1.202309131626/tools/bin/../lib/gcc/arm-none-eabi/11.3.1/../../../../arm-none-eabi/lib/thumb/v7e-m+fp/hard\libc_nano.a(libc_a-findfp.o) (_fwalk_sglue)
D:/Cloud/STM32CubeIDE/STM32CubeIDE_1.13.2/STM32CubeIDE/plugins/com.st.stm32cube.ide.mcu.externaltools.gnu-tools-for-stm32.11.3.rel1.win32_1.1.1.202309131626/tools/bin/../lib/gcc/arm-none-eabi/11.3.1/../../../../arm-none-eabi/lib/thumb/v7e-m+fp/hard\libc_nano.a(libc_a-stdio.o)
                              D:/Cloud/STM32CubeIDE/STM32CubeIDE_1.13.2/STM32CubeIDE/plugins/com.st.stm32cube.ide.mcu.externaltools.gnu-tools-for-stm32.11.3.rel1.win32_1.1.1.202309131626/tools/bin/../lib/gcc/arm-none-eabi/11.3.1/../../../../arm-none-eabi/lib/thumb/v7e-m+fp/hard\libc_nano.a(libc_a-findfp.o) (__sread)
D:/Cloud/STM32CubeIDE/STM32CubeIDE_1.13.2/STM32CubeIDE/plugins/com.st.stm32cube.ide.mcu.externaltools.gnu-tools-for-stm32.11.3.rel1.win32_1.1.1.202309131626/tools/bin/../lib/gcc/arm-none-eabi/11.3.1/../../../../arm-none-eabi/lib/thumb/v7e-m+fp/hard\libc_nano.a(libc_a-memset.o)
                              D:/Cloud/STM32CubeIDE/STM32CubeIDE_1.13.2/STM32CubeIDE/plugins/com.st.stm32cube.ide.mcu.externaltools.gnu-tools-for-stm32.11.3.rel1.win32_1.1.1.202309131626/tools/bin/../lib/gcc/arm-none-eabi/11.3.1/../../../../arm-none-eabi/lib/thumb/v7e-m+fp/hard/crt0.o (memset)
D:/Cloud/STM32CubeIDE/STM32CubeIDE_1.13.2/STM32CubeIDE/plugins/com.st.stm32cube.ide.mcu.externaltools.gnu-tools-for-stm32.11.3.rel1.win32_1.1.1.202309131626/tools/bin/../lib/gcc/arm-none-eabi/11.3.1/../../../../arm-none-eabi/lib/thumb/v7e-m+fp/hard\libc_nano.a(libc_a-closer.o)
                              D:/Cloud/STM32CubeIDE/STM32CubeIDE_1.13.2/STM32CubeIDE/plugins/com.st.stm32cube.ide.mcu.externaltools.gnu-tools-for-stm32.11.3.rel1.win32_1.1.1.202309131626/tools/bin/../lib/gcc/arm-none-eabi/11.3.1/../../../../arm-none-eabi/lib/thumb/v7e-m+fp/hard\libc_nano.a(libc_a-stdio.o) (_close_r)
D:/Cloud/STM32CubeIDE/STM32CubeIDE_1.13.2/STM32CubeIDE/plugins/com.st.stm32cube.ide.mcu.externaltools.gnu-tools-for-stm32.11.3.rel1.win32_1.1.1.202309131626/tools/bin/../lib/gcc/arm-none-eabi/11.3.1/../../../../arm-none-eabi/lib/thumb/v7e-m+fp/hard\libc_nano.a(libc_a-reent.o)
                              D:/Cloud/STM32CubeIDE/STM32CubeIDE_1.13.2/STM32CubeIDE/plugins/com.st.stm32cube.ide.mcu.externaltools.gnu-tools-for-stm32.11.3.rel1.win32_1.1.1.202309131626/tools/bin/../lib/gcc/arm-none-eabi/11.3.1/../../../../arm-none-eabi/lib/thumb/v7e-m+fp/hard\libc_nano.a(libc_a-closer.o) (errno)
D:/Cloud/STM32CubeIDE/STM32CubeIDE_1.13.2/STM32CubeIDE/plugins/com.st.stm32cube.ide.mcu.externaltools.gnu-tools-for-stm32.11.3.rel1.win32_1.1.1.202309131626/tools/bin/../lib/gcc/arm-none-eabi/11.3.1/../../../../arm-none-eabi/lib/thumb/v7e-m+fp/hard\libc_nano.a(libc_a-impure.o)
                              D:/Cloud/STM32CubeIDE/STM32CubeIDE_1.13.2/STM32CubeIDE/plugins/com.st.stm32cube.ide.mcu.externaltools.gnu-tools-for-stm32.11.3.rel1.win32_1.1.1.202309131626/tools/bin/../lib/gcc/arm-none-eabi/11.3.1/../../../../arm-none-eabi/lib/thumb/v7e-m+fp/hard\libc_nano.a(libc_a-reent.o) (_impure_ptr)
[...]
Memory Configuration

Name             Origin             Length             Attributes
RAM              0x0000000020000000 0x0000000000018000 xrw
FLASH            0x0000000008000000 0x0000000000080000 xr
*default*        0x0000000000000000 0xffffffffffffffff

Linker script and memory map

LOAD D:/Cloud/STM32CubeIDE/STM32CubeIDE_1.13.2/STM32CubeIDE/plugins/com.st.stm32cube.ide.mcu.externaltools.gnu-tools-for-stm32.11.3.rel1.win32_1.1.1.202309131626/tools/bin/../lib/gcc/arm-none-eabi/11.3.1/thumb/v7e-m+fp/hard/crti.o
LOAD D:/Cloud/STM32CubeIDE/STM32CubeIDE_1.13.2/STM32CubeIDE/plugins/com.st.stm32cube.ide.mcu.externaltools.gnu-tools-for-stm32.11.3.rel1.win32_1.1.1.202309131626/tools/bin/../lib/gcc/arm-none-eabi/11.3.1/thumb/v7e-m+fp/hard/crtbegin.o
LOAD D:/Cloud/STM32CubeIDE/STM32CubeIDE_1.13.2/STM32CubeIDE/plugins/com.st.stm32cube.ide.mcu.externaltools.gnu-tools-for-stm32.11.3.rel1.win32_1.1.1.202309131626/tools/bin/../lib/gcc/arm-none-eabi/11.3.1/../../../../arm-none-eabi/lib/thumb/v7e-m+fp/hard/crt0.o
LOAD ./Core/Src/fonts.o
LOAD ./Core/Src/gpio.o
LOAD ./Core/Src/main.o
LOAD ./Core/Src/spi.o
LOAD ./Core/Src/st7735.o
LOAD ./Core/Src/stm32f4xx_hal_msp.o
LOAD ./Core/Src/stm32f4xx_it.o
LOAD ./Core/Src/syscalls.o
LOAD ./Core/Src/sysmem.o
LOAD ./Core/Src/system_stm32f4xx.o
LOAD ./Core/Src/usart.o
LOAD ./Core/Startup/startup_stm32f401retx.o
LOAD ./Drivers/STM32F4xx_HAL_Driver/Src/stm32f4xx_hal.o
LOAD ./Drivers/STM32F4xx_HAL_Driver/Src/stm32f4xx_hal_cortex.o
LOAD ./Drivers/STM32F4xx_HAL_Driver/Src/stm32f4xx_hal_dma.o
LOAD ./Drivers/STM32F4xx_HAL_Driver/Src/stm32f4xx_hal_dma_ex.o
LOAD ./Drivers/STM32F4xx_HAL_Driver/Src/stm32f4xx_hal_exti.o
LOAD ./Drivers/STM32F4xx_HAL_Driver/Src/stm32f4xx_hal_flash.o
LOAD ./Drivers/STM32F4xx_HAL_Driver/Src/stm32f4xx_hal_flash_ex.o
LOAD ./Drivers/STM32F4xx_HAL_Driver/Src/stm32f4xx_hal_flash_ramfunc.o
LOAD ./Drivers/STM32F4xx_HAL_Driver/Src/stm32f4xx_hal_gpio.o
LOAD ./Drivers/STM32F4xx_HAL_Driver/Src/stm32f4xx_hal_pwr.o
LOAD ./Drivers/STM32F4xx_HAL_Driver/Src/stm32f4xx_hal_pwr_ex.o
LOAD ./Drivers/STM32F4xx_HAL_Driver/Src/stm32f4xx_hal_rcc.o
LOAD ./Drivers/STM32F4xx_HAL_Driver/Src/stm32f4xx_hal_rcc_ex.o
LOAD ./Drivers/STM32F4xx_HAL_Driver/Src/stm32f4xx_hal_spi.o
LOAD ./Drivers/STM32F4xx_HAL_Driver/Src/stm32f4xx_hal_tim.o
LOAD ./Drivers/STM32F4xx_HAL_Driver/Src/stm32f4xx_hal_tim_ex.o
LOAD ./Drivers/STM32F4xx_HAL_Driver/Src/stm32f4xx_hal_uart.o
START GROUP
LOAD D:/Cloud/STM32CubeIDE/STM32CubeIDE_1.13.2/STM32CubeIDE/plugins/com.st.stm32cube.ide.mcu.externaltools.gnu-tools-for-stm32.11.3.rel1.win32_1.1.1.202309131626/tools/bin/../lib/gcc/arm-none-eabi/11.3.1/../../../../arm-none-eabi/lib/thumb/v7e-m+fp/hard\libc_nano.a
LOAD D:/Cloud/STM32CubeIDE/STM32CubeIDE_1.13.2/STM32CubeIDE/plugins/com.st.stm32cube.ide.mcu.externaltools.gnu-tools-for-stm32.11.3.rel1.win32_1.1.1.202309131626/tools/bin/../lib/gcc/arm-none-eabi/11.3.1/../../../../arm-none-eabi/lib/thumb/v7e-m+fp/hard\libm.a
END GROUP
START GROUP
LOAD D:/Cloud/STM32CubeIDE/STM32CubeIDE_1.13.2/STM32CubeIDE/plugins/com.st.stm32cube.ide.mcu.externaltools.gnu-tools-for-stm32.11.3.rel1.win32_1.1.1.202309131626/tools/bin/../lib/gcc/arm-none-eabi/11.3.1/thumb/v7e-m+fp/hard\libgcc.a
LOAD D:/Cloud/STM32CubeIDE/STM32CubeIDE_1.13.2/STM32CubeIDE/plugins/com.st.stm32cube.ide.mcu.externaltools.gnu-tools-for-stm32.11.3.rel1.win32_1.1.1.202309131626/tools/bin/../lib/gcc/arm-none-eabi/11.3.1/../../../../arm-none-eabi/lib/thumb/v7e-m+fp/hard\libc_nano.a
END GROUP
START GROUP
LOAD D:/Cloud/STM32CubeIDE/STM32CubeIDE_1.13.2/STM32CubeIDE/plugins/com.st.stm32cube.ide.mcu.externaltools.gnu-tools-for-stm32.11.3.rel1.win32_1.1.1.202309131626/tools/bin/../lib/gcc/arm-none-eabi/11.3.1/thumb/v7e-m+fp/hard\libgcc.a
LOAD D:/Cloud/STM32CubeIDE/STM32CubeIDE_1.13.2/STM32CubeIDE/plugins/com.st.stm32cube.ide.mcu.externaltools.gnu-tools-for-stm32.11.3.rel1.win32_1.1.1.202309131626/tools/bin/../lib/gcc/arm-none-eabi/11.3.1/../../../../arm-none-eabi/lib/thumb/v7e-m+fp/hard\libc_nano.a
LOAD D:/Cloud/STM32CubeIDE/STM32CubeIDE_1.13.2/STM32CubeIDE/plugins/com.st.stm32cube.ide.mcu.externaltools.gnu-tools-for-stm32.11.3.rel1.win32_1.1.1.202309131626/tools/bin/../lib/gcc/arm-none-eabi/11.3.1/../../../../arm-none-eabi/lib/thumb/v7e-m+fp/hard\libnosys.a
END GROUP
START GROUP
LOAD D:/Cloud/STM32CubeIDE/STM32CubeIDE_1.13.2/STM32CubeIDE/plugins/com.st.stm32cube.ide.mcu.externaltools.gnu-tools-for-stm32.11.3.rel1.win32_1.1.1.202309131626/tools/bin/../lib/gcc/arm-none-eabi/11.3.1/thumb/v7e-m+fp/hard\libgcc.a
LOAD D:/Cloud/STM32CubeIDE/STM32CubeIDE_1.13.2/STM32CubeIDE/plugins/com.st.stm32cube.ide.mcu.externaltools.gnu-tools-for-stm32.11.3.rel1.win32_1.1.1.202309131626/tools/bin/../lib/gcc/arm-none-eabi/11.3.1/../../../../arm-none-eabi/lib/thumb/v7e-m+fp/hard\libc_nano.a
LOAD D:/Cloud/STM32CubeIDE/STM32CubeIDE_1.13.2/STM32CubeIDE/plugins/com.st.stm32cube.ide.mcu.externaltools.gnu-tools-for-stm32.11.3.rel1.win32_1.1.1.202309131626/tools/bin/../lib/gcc/arm-none-eabi/11.3.1/../../../../arm-none-eabi/lib/thumb/v7e-m+fp/hard\libnosys.a
END GROUP
LOAD D:/Cloud/STM32CubeIDE/STM32CubeIDE_1.13.2/STM32CubeIDE/plugins/com.st.stm32cube.ide.mcu.externaltools.gnu-tools-for-stm32.11.3.rel1.win32_1.1.1.202309131626/tools/bin/../lib/gcc/arm-none-eabi/11.3.1/thumb/v7e-m+fp/hard/crtend.o
LOAD D:/Cloud/STM32CubeIDE/STM32CubeIDE_1.13.2/STM32CubeIDE/plugins/com.st.stm32cube.ide.mcu.externaltools.gnu-tools-for-stm32.11.3.rel1.win32_1.1.1.202309131626/tools/bin/../lib/gcc/arm-none-eabi/11.3.1/thumb/v7e-m+fp/hard/crtn.o
                0x0000000020018000                _estack = (ORIGIN (RAM) + LENGTH (RAM))
                0x0000000000000200                _Min_Heap_Size = 0x200
                0x0000000000000400                _Min_Stack_Size = 0x400

.isr_vector     0x0000000008000000      0x194
                0x0000000008000000                . = ALIGN (0x4)
 *(.isr_vector)
 .isr_vector    0x0000000008000000      0x194 ./Core/Startup/startup_stm32f401retx.o
                0x0000000008000000                g_pfnVectors
                0x0000000008000194                . = ALIGN (0x4)

.text           0x0000000008000194     0x2ba0
                0x0000000008000194                . = ALIGN (0x4)
 *(.text)
 .text          0x0000000008000194       0x40 D:/Cloud/STM32CubeIDE/STM32CubeIDE_1.13.2/STM32CubeIDE/plugins/com.st.stm32cube.ide.mcu.externaltools.gnu-tools-for-stm32.11.3.rel1.win32_1.1.1.202309131626/tools/bin/../lib/gcc/arm-none-eabi/11.3.1/thumb/v7e-m+fp/hard/crtbegin.o
 .text          0x00000000080001d4       0x30 D:/Cloud/STM32CubeIDE/STM32CubeIDE_1.13.2/STM32CubeIDE/plugins/com.st.stm32cube.ide.mcu.externaltools.gnu-tools-for-stm32.11.3.rel1.win32_1.1.1.202309131626/tools/bin/../lib/gcc/arm-none-eabi/11.3.1/thumb/v7e-m+fp/hard\libgcc.a(_aeabi_uldivmod.o)
                0x00000000080001d4                __aeabi_uldivmod
 .text          0x0000000008000204      0x2c8 D:/Cloud/STM32CubeIDE/STM32CubeIDE_1.13.2/STM32CubeIDE/plugins/com.st.stm32cube.ide.mcu.externaltools.gnu-tools-for-stm32.11.3.rel1.win32_1.1.1.202309131626/tools/bin/../lib/gcc/arm-none-eabi/11.3.1/thumb/v7e-m+fp/hard\libgcc.a(_udivmoddi4.o)
                0x0000000008000204                __udivmoddi4
 .text          0x00000000080004cc        0x4 D:/Cloud/STM32CubeIDE/STM32CubeIDE_1.13.2/STM32CubeIDE/plugins/com.st.stm32cube.ide.mcu.externaltools.gnu-tools-for-stm32.11.3.rel1.win32_1.1.1.202309131626/tools/bin/../lib/gcc/arm-none-eabi/11.3.1/thumb/v7e-m+fp/hard\libgcc.a(_dvmd_tls.o)
                0x00000000080004cc                __aeabi_idiv0
                0x00000000080004cc                __aeabi_ldiv0
 *(.text*)
 .text.MX_GPIO_Init
                0x00000000080004d0       0xe0 ./Core/Src/gpio.o
                0x00000000080004d0                MX_GPIO_Init
 .text.main     0x00000000080005b0       0x80 ./Core/Src/main.o
                0x00000000080005b0                main
 .text.SystemClock_Config
                0x0000000008000630       0xd8 ./Core/Src/main.o
                0x0000000008000630                SystemClock_Config
 .text.Error_Handler
                0x0000000008000708        0xa ./Core/Src/main.o
                0x0000000008000708                Error_Handler
 *fill*         0x0000000008000712        0x2 
 .text.MX_SPI1_Init
                0x0000000008000714       0x6c ./Core/Src/spi.o
                0x0000000008000714                MX_SPI1_Init
 .text.HAL_SPI_MspInit
                0x0000000008000780       0x90 ./Core/Src/spi.o
                0x0000000008000780                HAL_SPI_MspInit
 .text.ST7735_SetAddressWindow
                0x0000000008000810       0x70 ./Core/Src/st7735.o
 .text.ST7735_Init
                0x0000000008000880       0x50 ./Core/Src/st7735.o
                0x0000000008000880                ST7735_Init
 .text.ST7735_Init_Command1
                0x00000000080008d0      0x10c ./Core/Src/st7735.o
                0x00000000080008d0                ST7735_Init_Command1
 .text.ST7735_Init_Command2
                0x00000000080009dc       0x44 ./Core/Src/st7735.o
                0x00000000080009dc                ST7735_Init_Command2
 .text.ST7735_Init_Command3
                0x0000000008000a20       0xec ./Core/Src/st7735.o
                0x0000000008000a20                ST7735_Init_Command3
 .text.ST7735_DrawPixel
                0x0000000008000b0c       0x80 ./Core/Src/st7735.o
                0x0000000008000b0c                ST7735_DrawPixel
 .text.ST7735_DrawString
                0x0000000008000b8c       0x82 ./Core/Src/st7735.o
                0x0000000008000b8c                ST7735_DrawString
 *fill*         0x0000000008000c0e        0x2 
 .text.ST7735_DrawCharS
                0x0000000008000c10      0x19c ./Core/Src/st7735.o
                0x0000000008000c10                ST7735_DrawCharS
 .text.ST7735_FillRectangle
                0x0000000008000dac       0xec ./Core/Src/st7735.o
                0x0000000008000dac                ST7735_FillRectangle
 .text.ST7735_FillScreen
                0x0000000008000e98       0x22 ./Core/Src/st7735.o
                0x0000000008000e98                ST7735_FillScreen
 *fill*         0x0000000008000eba        0x2 
 .text.ST7735_DrawImage
                0x0000000008000ebc      0x184 ./Core/Src/st7735.o
                0x0000000008000ebc                ST7735_DrawImage
 .text.lcd7735_sendCmd
                0x0000000008001040       0x2c ./Core/Src/st7735.o
                0x0000000008001040                lcd7735_sendCmd
 .text.lcd7735_sendData
                0x000000000800106c       0x2c ./Core/Src/st7735.o
                0x000000000800106c                lcd7735_sendData
 .text.lcd7735_senddata
                0x0000000008001098       0x24 ./Core/Src/st7735.o
                0x0000000008001098                lcd7735_senddata
 .text.HAL_MspInit
                0x00000000080010bc       0x50 ./Core/Src/stm32f4xx_hal_msp.o
                0x00000000080010bc                HAL_MspInit
 .text.NMI_Handler
                0x000000000800110c        0x6 ./Core/Src/stm32f4xx_it.o
                0x000000000800110c                NMI_Handler
 .text.HardFault_Handler
                0x0000000008001112        0x6 ./Core/Src/stm32f4xx_it.o
                0x0000000008001112                HardFault_Handler
 .text.MemManage_Handler
                0x0000000008001118        0x6 ./Core/Src/stm32f4xx_it.o
                0x0000000008001118                MemManage_Handler
 .text.BusFault_Handler
                0x000000000800111e        0x6 ./Core/Src/stm32f4xx_it.o
                0x000000000800111e                BusFault_Handler
 .text.UsageFault_Handler
                0x0000000008001124        0x6 ./Core/Src/stm32f4xx_it.o
                0x0000000008001124                UsageFault_Handler
 .text.SVC_Handler
                0x000000000800112a        0xe ./Core/Src/stm32f4xx_it.o
                0x000000000800112a                SVC_Handler
 .text.DebugMon_Handler
                0x0000000008001138        0xe ./Core/Src/stm32f4xx_it.o
                0x0000000008001138                DebugMon_Handler
 .text.PendSV_Handler
                0x0000000008001146        0xe ./Core/Src/stm32f4xx_it.o
                0x0000000008001146                PendSV_Handler
 .text.SysTick_Handler
                0x0000000008001154        0xc ./Core/Src/stm32f4xx_it.o
                0x0000000008001154                SysTick_Handler
 .text.SystemInit
                0x0000000008001160       0x24 ./Core/Src/system_stm32f4xx.o
                0x0000000008001160                SystemInit
 .text.MX_USART2_UART_Init
                0x0000000008001184       0x54 ./Core/Src/usart.o
                0x0000000008001184                MX_USART2_UART_Init
 .text.HAL_UART_MspInit
                0x00000000080011d8       0x90 ./Core/Src/usart.o
                0x00000000080011d8                HAL_UART_MspInit
 .text.Reset_Handler
                0x0000000008001268       0x50 ./Core/Startup/startup_stm32f401retx.o
                0x0000000008001268                Reset_Handler
 .text.Default_Handler
                0x00000000080012b8        0x2 ./Core/Startup/startup_stm32f401retx.o
                0x00000000080012b8                RTC_Alarm_IRQHandler
                0x00000000080012b8                EXTI2_IRQHandler
                0x00000000080012b8                SPI4_IRQHandler
                0x00000000080012b8                TIM1_CC_IRQHandler
                0x00000000080012b8                DMA2_Stream5_IRQHandler
                0x00000000080012b8                DMA1_Stream5_IRQHandler
                0x00000000080012b8                PVD_IRQHandler
                0x00000000080012b8                SDIO_IRQHandler
                0x00000000080012b8                TAMP_STAMP_IRQHandler
                0x00000000080012b8                EXTI3_IRQHandler
                0x00000000080012b8                TIM1_UP_TIM10_IRQHandler
                0x00000000080012b8                I2C3_ER_IRQHandler
                0x00000000080012b8                EXTI0_IRQHandler
                0x00000000080012b8                I2C2_EV_IRQHandler
                0x00000000080012b8                DMA1_Stream2_IRQHandler
                0x00000000080012b8                FPU_IRQHandler
                0x00000000080012b8                DMA2_Stream2_IRQHandler
                0x00000000080012b8                SPI1_IRQHandler
                0x00000000080012b8                TIM1_BRK_TIM9_IRQHandler
                0x00000000080012b8                DMA2_Stream3_IRQHandler
                0x00000000080012b8                USART6_IRQHandler
                0x00000000080012b8                DMA2_Stream0_IRQHandler
                0x00000000080012b8                TIM4_IRQHandler
                0x00000000080012b8                I2C1_EV_IRQHandler
                0x00000000080012b8                DMA1_Stream6_IRQHandler
                0x00000000080012b8                DMA1_Stream1_IRQHandler
                0x00000000080012b8                TIM3_IRQHandler
                0x00000000080012b8                RCC_IRQHandler
                0x00000000080012b8                Default_Handler
                0x00000000080012b8                EXTI15_10_IRQHandler
                0x00000000080012b8                ADC_IRQHandler
                0x00000000080012b8                DMA1_Stream7_IRQHandler
                0x00000000080012b8                TIM5_IRQHandler
                0x00000000080012b8                DMA2_Stream7_IRQHandler
                0x00000000080012b8                I2C3_EV_IRQHandler
                0x00000000080012b8                EXTI9_5_IRQHandler
                0x00000000080012b8                RTC_WKUP_IRQHandler
                0x00000000080012b8                SPI2_IRQHandler
                0x00000000080012b8                DMA1_Stream0_IRQHandler
                0x00000000080012b8                EXTI4_IRQHandler
                0x00000000080012b8                WWDG_IRQHandler
                0x00000000080012b8                TIM2_IRQHandler
                0x00000000080012b8                OTG_FS_WKUP_IRQHandler
                0x00000000080012b8                TIM1_TRG_COM_TIM11_IRQHandler
                0x00000000080012b8                EXTI1_IRQHandler
                0x00000000080012b8                USART2_IRQHandler
                0x00000000080012b8                I2C2_ER_IRQHandler
                0x00000000080012b8                DMA2_Stream1_IRQHandler
                0x00000000080012b8                FLASH_IRQHandler
                0x00000000080012b8                DMA2_Stream4_IRQHandler
                0x00000000080012b8                USART1_IRQHandler
                0x00000000080012b8                OTG_FS_IRQHandler
                0x00000000080012b8                SPI3_IRQHandler
                0x00000000080012b8                DMA1_Stream4_IRQHandler
                0x00000000080012b8                I2C1_ER_IRQHandler
                0x00000000080012b8                DMA2_Stream6_IRQHandler
                0x00000000080012b8                DMA1_Stream3_IRQHandler
 *fill*         0x00000000080012ba        0x2 
 .text.HAL_Init
                0x00000000080012bc       0x44 ./Drivers/STM32F4xx_HAL_Driver/Src/stm32f4xx_hal.o
                0x00000000080012bc                HAL_Init
 .text.HAL_InitTick
                0x0000000008001300       0x60 ./Drivers/STM32F4xx_HAL_Driver/Src/stm32f4xx_hal.o
                0x0000000008001300                HAL_InitTick
 .text.HAL_IncTick
                0x0000000008001360       0x28 ./Drivers/STM32F4xx_HAL_Driver/Src/stm32f4xx_hal.o
                0x0000000008001360                HAL_IncTick
 .text.HAL_GetTick
                0x0000000008001388       0x18 ./Drivers/STM32F4xx_HAL_Driver/Src/stm32f4xx_hal.o
                0x0000000008001388                HAL_GetTick
 .text.HAL_Delay
                0x00000000080013a0       0x48 ./Drivers/STM32F4xx_HAL_Driver/Src/stm32f4xx_hal.o
                0x00000000080013a0                HAL_Delay
 .text.__NVIC_SetPriorityGrouping
                0x00000000080013e8       0x48 ./Drivers/STM32F4xx_HAL_Driver/Src/stm32f4xx_hal_cortex.o
 .text.__NVIC_GetPriorityGrouping
                0x0000000008001430       0x1c ./Drivers/STM32F4xx_HAL_Driver/Src/stm32f4xx_hal_cortex.o
 .text.__NVIC_SetPriority
                0x000000000800144c       0x54 ./Drivers/STM32F4xx_HAL_Driver/Src/stm32f4xx_hal_cortex.o
 .text.NVIC_EncodePriority
                0x00000000080014a0       0x66 ./Drivers/STM32F4xx_HAL_Driver/Src/stm32f4xx_hal_cortex.o
 *fill*         0x0000000008001506        0x2 
 .text.SysTick_Config
                0x0000000008001508       0x44 ./Drivers/STM32F4xx_HAL_Driver/Src/stm32f4xx_hal_cortex.o
 .text.HAL_NVIC_SetPriorityGrouping
                0x000000000800154c       0x16 ./Drivers/STM32F4xx_HAL_Driver/Src/stm32f4xx_hal_cortex.o
                0x000000000800154c                HAL_NVIC_SetPriorityGrouping
 .text.HAL_NVIC_SetPriority
                0x0000000008001562       0x38 ./Drivers/STM32F4xx_HAL_Driver/Src/stm32f4xx_hal_cortex.o
                0x0000000008001562                HAL_NVIC_SetPriority
 .text.HAL_SYSTICK_Config
                0x000000000800159a       0x18 ./Drivers/STM32F4xx_HAL_Driver/Src/stm32f4xx_hal_cortex.o
                0x000000000800159a                HAL_SYSTICK_Config
 *fill*         0x00000000080015b2        0x2 
 .text.HAL_GPIO_Init
                0x00000000080015b4      0x308 ./Drivers/STM32F4xx_HAL_Driver/Src/stm32f4xx_hal_gpio.o
                0x00000000080015b4                HAL_GPIO_Init
 .text.HAL_GPIO_WritePin
                0x00000000080018bc       0x32 ./Drivers/STM32F4xx_HAL_Driver/Src/stm32f4xx_hal_gpio.o
                0x00000000080018bc                HAL_GPIO_WritePin
 *fill*         0x00000000080018ee        0x2 
 .text.HAL_RCC_OscConfig
                0x00000000080018f0      0x4f0 ./Drivers/STM32F4xx_HAL_Driver/Src/stm32f4xx_hal_rcc.o
                0x00000000080018f0                HAL_RCC_OscConfig
 .text.HAL_RCC_ClockConfig
                0x0000000008001de0      0x1cc ./Drivers/STM32F4xx_HAL_Driver/Src/stm32f4xx_hal_rcc.o
                0x0000000008001de0                HAL_RCC_ClockConfig
 .text.HAL_RCC_GetSysClockFreq
                0x0000000008001fac      0x20c ./Drivers/STM32F4xx_HAL_Driver/Src/stm32f4xx_hal_rcc.o
                0x0000000008001fac                HAL_RCC_GetSysClockFreq
 .text.HAL_RCC_GetHCLKFreq
                0x00000000080021b8       0x18 ./Drivers/STM32F4xx_HAL_Driver/Src/stm32f4xx_hal_rcc.o
                0x00000000080021b8                HAL_RCC_GetHCLKFreq
 .text.HAL_RCC_GetPCLK1Freq
                0x00000000080021d0       0x28 ./Drivers/STM32F4xx_HAL_Driver/Src/stm32f4xx_hal_rcc.o
                0x00000000080021d0                HAL_RCC_GetPCLK1Freq
 .text.HAL_RCC_GetPCLK2Freq
                0x00000000080021f8       0x28 ./Drivers/STM32F4xx_HAL_Driver/Src/stm32f4xx_hal_rcc.o
                0x00000000080021f8                HAL_RCC_GetPCLK2Freq
 .text.HAL_SPI_Init
                0x0000000008002220      0x112 ./Drivers/STM32F4xx_HAL_Driver/Src/stm32f4xx_hal_spi.o
                0x0000000008002220                HAL_SPI_Init
 .text.HAL_SPI_Transmit
                0x0000000008002332      0x278 ./Drivers/STM32F4xx_HAL_Driver/Src/stm32f4xx_hal_spi.o
                0x0000000008002332                HAL_SPI_Transmit
 *fill*         0x00000000080025aa        0x2 
 .text.SPI_WaitFlagStateUntilTimeout
                0x00000000080025ac      0x110 ./Drivers/STM32F4xx_HAL_Driver/Src/stm32f4xx_hal_spi.o
 .text.SPI_EndRxTxTransaction
                0x00000000080026bc       0x84 ./Drivers/STM32F4xx_HAL_Driver/Src/stm32f4xx_hal_spi.o
 .text.HAL_UART_Init
                0x0000000008002740       0x9a ./Drivers/STM32F4xx_HAL_Driver/Src/stm32f4xx_hal_uart.o
                0x0000000008002740                HAL_UART_Init
 *fill*         0x00000000080027da        0x2 
 .text.UART_SetConfig
                0x00000000080027dc      0x4e8 ./Drivers/STM32F4xx_HAL_Driver/Src/stm32f4xx_hal_uart.o
 .text.memset   0x0000000008002cc4       0x10 D:/Cloud/STM32CubeIDE/STM32CubeIDE_1.13.2/STM32CubeIDE/plugins/com.st.stm32cube.ide.mcu.externaltools.gnu-tools-for-stm32.11.3.rel1.win32_1.1.1.202309131626/tools/bin/../lib/gcc/arm-none-eabi/11.3.1/../../../../arm-none-eabi/lib/thumb/v7e-m+fp/hard\libc_nano.a(libc_a-memset.o)
                0x0000000008002cc4                memset
 .text.__libc_init_array
                0x0000000008002cd4       0x48 D:/Cloud/STM32CubeIDE/STM32CubeIDE_1.13.2/STM32CubeIDE/plugins/com.st.stm32cube.ide.mcu.externaltools.gnu-tools-for-stm32.11.3.rel1.win32_1.1.1.202309131626/tools/bin/../lib/gcc/arm-none-eabi/11.3.1/../../../../arm-none-eabi/lib/thumb/v7e-m+fp/hard\libc_nano.a(libc_a-init.o)
                0x0000000008002cd4                __libc_init_array
 *(.glue_7)
 .glue_7        0x0000000008002d1c        0x0 linker stubs
 *(.glue_7t)
 .glue_7t       0x0000000008002d1c        0x0 linker stubs
 *(.eh_frame)
 .eh_frame      0x0000000008002d1c        0x0 D:/Cloud/STM32CubeIDE/STM32CubeIDE_1.13.2/STM32CubeIDE/plugins/com.st.stm32cube.ide.mcu.externaltools.gnu-tools-for-stm32.11.3.rel1.win32_1.1.1.202309131626/tools/bin/../lib/gcc/arm-none-eabi/11.3.1/thumb/v7e-m+fp/hard/crtbegin.o
 *(.init)
 .init          0x0000000008002d1c        0x4 D:/Cloud/STM32CubeIDE/STM32CubeIDE_1.13.2/STM32CubeIDE/plugins/com.st.stm32cube.ide.mcu.externaltools.gnu-tools-for-stm32.11.3.rel1.win32_1.1.1.202309131626/tools/bin/../lib/gcc/arm-none-eabi/11.3.1/thumb/v7e-m+fp/hard/crti.o
                0x0000000008002d1c                _init
 .init          0x0000000008002d20        0x8 D:/Cloud/STM32CubeIDE/STM32CubeIDE_1.13.2/STM32CubeIDE/plugins/com.st.stm32cube.ide.mcu.externaltools.gnu-tools-for-stm32.11.3.rel1.win32_1.1.1.202309131626/tools/bin/../lib/gcc/arm-none-eabi/11.3.1/thumb/v7e-m+fp/hard/crtn.o
 *(.fini)
 .fini          0x0000000008002d28        0x4 D:/Cloud/STM32CubeIDE/STM32CubeIDE_1.13.2/STM32CubeIDE/plugins/com.st.stm32cube.ide.mcu.externaltools.gnu-tools-for-stm32.11.3.rel1.win32_1.1.1.202309131626/tools/bin/../lib/gcc/arm-none-eabi/11.3.1/thumb/v7e-m+fp/hard/crti.o
                0x0000000008002d28                _fini
 .fini          0x0000000008002d2c        0x8 D:/Cloud/STM32CubeIDE/STM32CubeIDE_1.13.2/STM32CubeIDE/plugins/com.st.stm32cube.ide.mcu.externaltools.gnu-tools-for-stm32.11.3.rel1.win32_1.1.1.202309131626/tools/bin/../lib/gcc/arm-none-eabi/11.3.1/thumb/v7e-m+fp/hard/crtn.o
                0x0000000008002d34                . = ALIGN (0x4)
                0x0000000008002d34                _etext = .

.vfp11_veneer   0x0000000008002d34        0x0
 .vfp11_veneer  0x0000000008002d34        0x0 linker stubs

.v4_bx          0x0000000008002d34        0x0
 .v4_bx         0x0000000008002d34        0x0 linker stubs

.iplt           0x0000000008002d34        0x0
 .iplt          0x0000000008002d34        0x0 D:/Cloud/STM32CubeIDE/STM32CubeIDE_1.13.2/STM32CubeIDE/plugins/com.st.stm32cube.ide.mcu.externaltools.gnu-tools-for-stm32.11.3.rel1.win32_1.1.1.202309131626/tools/bin/../lib/gcc/arm-none-eabi/11.3.1/thumb/v7e-m+fp/hard/crtbegin.o

.rodata         0x0000000008002d34     0x9b28
                0x0000000008002d34                . = ALIGN (0x4)
 *(.rodata)
 .rodata        0x0000000008002d34       0x12 ./Core/Src/main.o
 *(.rodata*)
 *fill*         0x0000000008002d46        0x2 
 .rodata.gImage_lzy
                0x0000000008002d48     0x9600 ./Core/Src/main.o
                0x0000000008002d48                gImage_lzy
 .rodata.Font   0x000000000800c348      0x4fb ./Core/Src/st7735.o
 *fill*         0x000000000800c843        0x1 
 .rodata.AHBPrescTable
                0x000000000800c844       0x10 ./Core/Src/system_stm32f4xx.o
                0x000000000800c844                AHBPrescTable
 .rodata.APBPrescTable
                0x000000000800c854        0x8 ./Core/Src/system_stm32f4xx.o
                0x000000000800c854                APBPrescTable
                0x000000000800c85c                . = ALIGN (0x4)

.ARM.extab      0x000000000800c85c        0x0
                0x000000000800c85c                . = ALIGN (0x4)
 *(.ARM.extab* .gnu.linkonce.armextab.*)
                0x000000000800c85c                . = ALIGN (0x4)

.ARM            0x000000000800c85c        0x8
                0x000000000800c85c                . = ALIGN (0x4)
                0x000000000800c85c                __exidx_start = .
 *(.ARM.exidx*)
 .ARM.exidx     0x000000000800c85c        0x8 D:/Cloud/STM32CubeIDE/STM32CubeIDE_1.13.2/STM32CubeIDE/plugins/com.st.stm32cube.ide.mcu.externaltools.gnu-tools-for-stm32.11.3.rel1.win32_1.1.1.202309131626/tools/bin/../lib/gcc/arm-none-eabi/11.3.1/thumb/v7e-m+fp/hard\libgcc.a(_udivmoddi4.o)
                0x000000000800c864                __exidx_end = .
                0x000000000800c864                . = ALIGN (0x4)

.rel.dyn        0x000000000800c864        0x0
 .rel.iplt      0x000000000800c864        0x0 D:/Cloud/STM32CubeIDE/STM32CubeIDE_1.13.2/STM32CubeIDE/plugins/com.st.stm32cube.ide.mcu.externaltools.gnu-tools-for-stm32.11.3.rel1.win32_1.1.1.202309131626/tools/bin/../lib/gcc/arm-none-eabi/11.3.1/thumb/v7e-m+fp/hard/crtbegin.o

.preinit_array  0x000000000800c864        0x0
                0x000000000800c864                . = ALIGN (0x4)
                0x000000000800c864                PROVIDE (__preinit_array_start = .)
 *(.preinit_array*)
                0x000000000800c864                PROVIDE (__preinit_array_end = .)
                0x000000000800c864                . = ALIGN (0x4)

.init_array     0x000000000800c864        0x4
                0x000000000800c864                . = ALIGN (0x4)
                0x000000000800c864                PROVIDE (__init_array_start = .)
 *(SORT_BY_NAME(.init_array.*))
 *(.init_array*)
 .init_array    0x000000000800c864        0x4 D:/Cloud/STM32CubeIDE/STM32CubeIDE_1.13.2/STM32CubeIDE/plugins/com.st.stm32cube.ide.mcu.externaltools.gnu-tools-for-stm32.11.3.rel1.win32_1.1.1.202309131626/tools/bin/../lib/gcc/arm-none-eabi/11.3.1/thumb/v7e-m+fp/hard/crtbegin.o
                0x000000000800c868                PROVIDE (__init_array_end = .)
                0x000000000800c868                . = ALIGN (0x4)

.fini_array     0x000000000800c868        0x4
                0x000000000800c868                . = ALIGN (0x4)
                [!provide]                        PROVIDE (__fini_array_start = .)
 *(SORT_BY_NAME(.fini_array.*))
 *(.fini_array*)
 .fini_array    0x000000000800c868        0x4 D:/Cloud/STM32CubeIDE/STM32CubeIDE_1.13.2/STM32CubeIDE/plugins/com.st.stm32cube.ide.mcu.externaltools.gnu-tools-for-stm32.11.3.rel1.win32_1.1.1.202309131626/tools/bin/../lib/gcc/arm-none-eabi/11.3.1/thumb/v7e-m+fp/hard/crtbegin.o
                [!provide]                        PROVIDE (__fini_array_end = .)
                0x000000000800c86c                . = ALIGN (0x4)
                0x000000000800c86c                _sidata = LOADADDR (.data)

.data           0x0000000020000000        0xc load address 0x000000000800c86c
                0x0000000020000000                . = ALIGN (0x4)
                0x0000000020000000                _sdata = .
 *(.data)
 *(.data*)
 .data.SystemCoreClock
                0x0000000020000000        0x4 ./Core/Src/system_stm32f4xx.o
                0x0000000020000000                SystemCoreClock
 .data.uwTickPrio
                0x0000000020000004        0x4 ./Drivers/STM32F4xx_HAL_Driver/Src/stm32f4xx_hal.o
                0x0000000020000004                uwTickPrio
 .data.uwTickFreq
                0x0000000020000008        0x1 ./Drivers/STM32F4xx_HAL_Driver/Src/stm32f4xx_hal.o
                0x0000000020000008                uwTickFreq
 *(.RamFunc)
 *(.RamFunc*)
                0x000000002000000c                . = ALIGN (0x4)
 *fill*         0x0000000020000009        0x3 
                0x000000002000000c                _edata = .

.igot.plt       0x000000002000000c        0x0 load address 0x000000000800c878
 .igot.plt      0x000000002000000c        0x0 D:/Cloud/STM32CubeIDE/STM32CubeIDE_1.13.2/STM32CubeIDE/plugins/com.st.stm32cube.ide.mcu.externaltools.gnu-tools-for-stm32.11.3.rel1.win32_1.1.1.202309131626/tools/bin/../lib/gcc/arm-none-eabi/11.3.1/thumb/v7e-m+fp/hard/crtbegin.o
                0x000000002000000c                . = ALIGN (0x4)

.bss            0x000000002000000c       0xbc load address 0x000000000800c878
                0x000000002000000c                _sbss = .
                0x000000002000000c                __bss_start__ = _sbss
 *(.bss)
 .bss           0x000000002000000c       0x1c D:/Cloud/STM32CubeIDE/STM32CubeIDE_1.13.2/STM32CubeIDE/plugins/com.st.stm32cube.ide.mcu.externaltools.gnu-tools-for-stm32.11.3.rel1.win32_1.1.1.202309131626/tools/bin/../lib/gcc/arm-none-eabi/11.3.1/thumb/v7e-m+fp/hard/crtbegin.o
 *(.bss*)
 .bss.hspi1     0x0000000020000028       0x58 ./Core/Src/spi.o
                0x0000000020000028                hspi1
 .bss.huart2    0x0000000020000080       0x44 ./Core/Src/usart.o
                0x0000000020000080                huart2
 .bss.uwTick    0x00000000200000c4        0x4 ./Drivers/STM32F4xx_HAL_Driver/Src/stm32f4xx_hal.o
                0x00000000200000c4                uwTick
 *(COMMON)
                0x00000000200000c8                . = ALIGN (0x4)
                0x00000000200000c8                _ebss = .
                0x00000000200000c8                __bss_end__ = _ebss

._user_heap_stack
                0x00000000200000c8      0x600 load address 0x000000000800c878
                0x00000000200000c8                . = ALIGN (0x8)
                [!provide]                        PROVIDE (end = .)
                0x00000000200000c8                PROVIDE (_end = .)
                0x00000000200002c8                . = (. + _Min_Heap_Size)
 *fill*         0x00000000200000c8      0x200 
                0x00000000200006c8                . = (. + _Min_Stack_Size)
 *fill*         0x00000000200002c8      0x400 
                0x00000000200006c8                . = ALIGN (0x8)

/DISCARD/
 libc.a(*)
 libm.a(*)
 libgcc.a(*)

.ARM.attributes
                0x0000000000000000       0x30
 *(.ARM.attributes)
 .ARM.attributes
                0x0000000000000000       0x1e D:/Cloud/STM32CubeIDE/STM32CubeIDE_1.13.2/STM32CubeIDE/plugins/com.st.stm32cube.ide.mcu.externaltools.gnu-tools-for-stm32.11.3.rel1.win32_1.1.1.202309131626/tools/bin/../lib/gcc/arm-none-eabi/11.3.1/thumb/v7e-m+fp/hard/crti.o
 .ARM.attributes
                0x000000000000001e       0x34 D:/Cloud/STM32CubeIDE/STM32CubeIDE_1.13.2/STM32CubeIDE/plugins/com.st.stm32cube.ide.mcu.externaltools.gnu-tools-for-stm32.11.3.rel1.win32_1.1.1.202309131626/tools/bin/../lib/gcc/arm-none-eabi/11.3.1/thumb/v7e-m+fp/hard/crtbegin.o
 .ARM.attributes
                0x0000000000000052       0x34 ./Core/Src/gpio.o
 .ARM.attributes
                0x0000000000000086       0x34 ./Core/Src/main.o
 .ARM.attributes
                0x00000000000000ba       0x34 ./Core/Src/spi.o
 .ARM.attributes
                0x00000000000000ee       0x34 ./Core/Src/st7735.o
 .ARM.attributes
                0x0000000000000122       0x34 ./Core/Src/stm32f4xx_hal_msp.o
 .ARM.attributes
                0x0000000000000156       0x34 ./Core/Src/stm32f4xx_it.o
 .ARM.attributes
                0x000000000000018a       0x34 ./Core/Src/system_stm32f4xx.o
 .ARM.attributes
                0x00000000000001be       0x34 ./Core/Src/usart.o
 .ARM.attributes
                0x00000000000001f2       0x21 ./Core/Startup/startup_stm32f401retx.o
 .ARM.attributes
                0x0000000000000213       0x34 ./Drivers/STM32F4xx_HAL_Driver/Src/stm32f4xx_hal.o
 .ARM.attributes
                0x0000000000000247       0x34 ./Drivers/STM32F4xx_HAL_Driver/Src/stm32f4xx_hal_cortex.o
 .ARM.attributes
                0x000000000000027b       0x34 ./Drivers/STM32F4xx_HAL_Driver/Src/stm32f4xx_hal_gpio.o
 .ARM.attributes
                0x00000000000002af       0x34 ./Drivers/STM32F4xx_HAL_Driver/Src/stm32f4xx_hal_rcc.o
 .ARM.attributes
                0x00000000000002e3       0x34 ./Drivers/STM32F4xx_HAL_Driver/Src/stm32f4xx_hal_spi.o
 .ARM.attributes
                0x0000000000000317       0x34 ./Drivers/STM32F4xx_HAL_Driver/Src/stm32f4xx_hal_uart.o
 .ARM.attributes
                0x000000000000034b       0x34 D:/Cloud/STM32CubeIDE/STM32CubeIDE_1.13.2/STM32CubeIDE/plugins/com.st.stm32cube.ide.mcu.externaltools.gnu-tools-for-stm32.11.3.rel1.win32_1.1.1.202309131626/tools/bin/../lib/gcc/arm-none-eabi/11.3.1/../../../../arm-none-eabi/lib/thumb/v7e-m+fp/hard\libc_nano.a(libc_a-memset.o)
 .ARM.attributes
                0x000000000000037f       0x34 D:/Cloud/STM32CubeIDE/STM32CubeIDE_1.13.2/STM32CubeIDE/plugins/com.st.stm32cube.ide.mcu.externaltools.gnu-tools-for-stm32.11.3.rel1.win32_1.1.1.202309131626/tools/bin/../lib/gcc/arm-none-eabi/11.3.1/../../../../arm-none-eabi/lib/thumb/v7e-m+fp/hard\libc_nano.a(libc_a-init.o)
 .ARM.attributes
                0x00000000000003b3       0x1e D:/Cloud/STM32CubeIDE/STM32CubeIDE_1.13.2/STM32CubeIDE/plugins/com.st.stm32cube.ide.mcu.externaltools.gnu-tools-for-stm32.11.3.rel1.win32_1.1.1.202309131626/tools/bin/../lib/gcc/arm-none-eabi/11.3.1/thumb/v7e-m+fp/hard\libgcc.a(_aeabi_uldivmod.o)
 .ARM.attributes
                0x00000000000003d1       0x34 D:/Cloud/STM32CubeIDE/STM32CubeIDE_1.13.2/STM32CubeIDE/plugins/com.st.stm32cube.ide.mcu.externaltools.gnu-tools-for-stm32.11.3.rel1.win32_1.1.1.202309131626/tools/bin/../lib/gcc/arm-none-eabi/11.3.1/thumb/v7e-m+fp/hard\libgcc.a(_udivmoddi4.o)
 .ARM.attributes
                0x0000000000000405       0x1e D:/Cloud/STM32CubeIDE/STM32CubeIDE_1.13.2/STM32CubeIDE/plugins/com.st.stm32cube.ide.mcu.externaltools.gnu-tools-for-stm32.11.3.rel1.win32_1.1.1.202309131626/tools/bin/../lib/gcc/arm-none-eabi/11.3.1/thumb/v7e-m+fp/hard\libgcc.a(_dvmd_tls.o)
 .ARM.attributes
                0x0000000000000423       0x1e D:/Cloud/STM32CubeIDE/STM32CubeIDE_1.13.2/STM32CubeIDE/plugins/com.st.stm32cube.ide.mcu.externaltools.gnu-tools-for-stm32.11.3.rel1.win32_1.1.1.202309131626/tools/bin/../lib/gcc/arm-none-eabi/11.3.1/thumb/v7e-m+fp/hard/crtn.o
OUTPUT(TFT2.elf elf32-littlearm)
LOAD linker stubs
LOAD D:/Cloud/STM32CubeIDE/STM32CubeIDE_1.13.2/STM32CubeIDE/plugins/com.st.stm32cube.ide.mcu.externaltools.gnu-tools-for-stm32.11.3.rel1.win32_1.1.1.202309131626/tools/bin/../lib/gcc/arm-none-eabi/11.3.1/../../../../arm-none-eabi/lib/thumb/v7e-m+fp/hard\libc.a
LOAD D:/Cloud/STM32CubeIDE/STM32CubeIDE_1.13.2/STM32CubeIDE/plugins/com.st.stm32cube.ide.mcu.externaltools.gnu-tools-for-stm32.11.3.rel1.win32_1.1.1.202309131626/tools/bin/../lib/gcc/arm-none-eabi/11.3.1/../../../../arm-none-eabi/lib/thumb/v7e-m+fp/hard\libm.a
LOAD D:/Cloud/STM32CubeIDE/STM32CubeIDE_1.13.2/STM32CubeIDE/plugins/com.st.stm32cube.ide.mcu.externaltools.gnu-tools-for-stm32.11.3.rel1.win32_1.1.1.202309131626/tools/bin/../lib/gcc/arm-none-eabi/11.3.1/thumb/v7e-m+fp/hard\libgcc.a

.comment        0x0000000000000000       0x43
 .comment       0x0000000000000000       0x43 D:/Cloud/STM32CubeIDE/STM32CubeIDE_1.13.2/STM32CubeIDE/plugins/com.st.stm32cube.ide.mcu.externaltools.gnu-tools-for-stm32.11.3.rel1.win32_1.1.1.202309131626/tools/bin/../lib/gcc/arm-none-eabi/11.3.1/thumb/v7e-m+fp/hard/crtbegin.o
                                         0x44 (size before relaxing)
 .comment       0x0000000000000043       0x44 ./Core/Src/gpio.o
 .comment       0x0000000000000043       0x44 ./Core/Src/main.o
 .comment       0x0000000000000043       0x44 ./Core/Src/spi.o
 .comment       0x0000000000000043       0x44 ./Core/Src/st7735.o
 .comment       0x0000000000000043       0x44 ./Core/Src/stm32f4xx_hal_msp.o
 .comment       0x0000000000000043       0x44 ./Core/Src/stm32f4xx_it.o
 .comment       0x0000000000000043       0x44 ./Core/Src/system_stm32f4xx.o
 .comment       0x0000000000000043       0x44 ./Core/Src/usart.o
 .comment       0x0000000000000043       0x44 ./Drivers/STM32F4xx_HAL_Driver/Src/stm32f4xx_hal.o
 .comment       0x0000000000000043       0x44 ./Drivers/STM32F4xx_HAL_Driver/Src/stm32f4xx_hal_cortex.o
 .comment       0x0000000000000043       0x44 ./Drivers/STM32F4xx_HAL_Driver/Src/stm32f4xx_hal_gpio.o
 .comment       0x0000000000000043       0x44 ./Drivers/STM32F4xx_HAL_Driver/Src/stm32f4xx_hal_rcc.o
 .comment       0x0000000000000043       0x44 ./Drivers/STM32F4xx_HAL_Driver/Src/stm32f4xx_hal_spi.o
 .comment       0x0000000000000043       0x44 ./Drivers/STM32F4xx_HAL_Driver/Src/stm32f4xx_hal_uart.o

.debug_info     0x0000000000000000     0x9de4
 .debug_info    0x0000000000000000      0x433 ./Core/Src/gpio.o
 .debug_info    0x0000000000000433      0x600 ./Core/Src/main.o
 .debug_info    0x0000000000000a33      0x976 ./Core/Src/spi.o
 .debug_info    0x00000000000013a9      0xcd8 ./Core/Src/st7735.o
 .debug_info    0x0000000000002081      0x2a4 ./Core/Src/stm32f4xx_hal_msp.o
 .debug_info    0x0000000000002325      0x112 ./Core/Src/stm32f4xx_it.o
 .debug_info    0x0000000000002437      0x53e ./Core/Src/system_stm32f4xx.o
 .debug_info    0x0000000000002975      0x930 ./Core/Src/usart.o
 .debug_info    0x00000000000032a5       0x23 ./Core/Startup/startup_stm32f401retx.o
 .debug_info    0x00000000000032c8      0x8bb ./Drivers/STM32F4xx_HAL_Driver/Src/stm32f4xx_hal.o
 .debug_info    0x0000000000003b83      0xcb0 ./Drivers/STM32F4xx_HAL_Driver/Src/stm32f4xx_hal_cortex.o
 .debug_info    0x0000000000004833      0x6f9 ./Drivers/STM32F4xx_HAL_Driver/Src/stm32f4xx_hal_gpio.o
 .debug_info    0x0000000000004f2c      0x8f3 ./Drivers/STM32F4xx_HAL_Driver/Src/stm32f4xx_hal_rcc.o
 .debug_info    0x000000000000581f     0x1606 ./Drivers/STM32F4xx_HAL_Driver/Src/stm32f4xx_hal_spi.o
 .debug_info    0x0000000000006e25     0x2fbf ./Drivers/STM32F4xx_HAL_Driver/Src/stm32f4xx_hal_uart.o

.debug_abbrev   0x0000000000000000     0x1c4c
 .debug_abbrev  0x0000000000000000      0x151 ./Core/Src/gpio.o
 .debug_abbrev  0x0000000000000151      0x23a ./Core/Src/main.o
 .debug_abbrev  0x000000000000038b      0x1f1 ./Core/Src/spi.o
 .debug_abbrev  0x000000000000057c      0x2b0 ./Core/Src/st7735.o
 .debug_abbrev  0x000000000000082c       0xf4 ./Core/Src/stm32f4xx_hal_msp.o
 .debug_abbrev  0x0000000000000920       0x73 ./Core/Src/stm32f4xx_it.o
 .debug_abbrev  0x0000000000000993      0x11a ./Core/Src/system_stm32f4xx.o
 .debug_abbrev  0x0000000000000aad      0x1f8 ./Core/Src/usart.o
 .debug_abbrev  0x0000000000000ca5       0x12 ./Core/Startup/startup_stm32f401retx.o
 .debug_abbrev  0x0000000000000cb7      0x24b ./Drivers/STM32F4xx_HAL_Driver/Src/stm32f4xx_hal.o
 .debug_abbrev  0x0000000000000f02      0x327 ./Drivers/STM32F4xx_HAL_Driver/Src/stm32f4xx_hal_cortex.o
 .debug_abbrev  0x0000000000001229      0x1d3 ./Drivers/STM32F4xx_HAL_Driver/Src/stm32f4xx_hal_gpio.o
 .debug_abbrev  0x00000000000013fc      0x2b5 ./Drivers/STM32F4xx_HAL_Driver/Src/stm32f4xx_hal_rcc.o
 .debug_abbrev  0x00000000000016b1      0x280 ./Drivers/STM32F4xx_HAL_Driver/Src/stm32f4xx_hal_spi.o
 .debug_abbrev  0x0000000000001931      0x31b ./Drivers/STM32F4xx_HAL_Driver/Src/stm32f4xx_hal_uart.o

.debug_aranges  0x0000000000000000      0x8f0
 .debug_aranges
                0x0000000000000000       0x20 ./Core/Src/gpio.o
 .debug_aranges
                0x0000000000000020       0x30 ./Core/Src/main.o
 .debug_aranges
                0x0000000000000050       0x30 ./Core/Src/spi.o
 .debug_aranges
                0x0000000000000080       0xb8 ./Core/Src/st7735.o
 .debug_aranges
                0x0000000000000138       0x20 ./Core/Src/stm32f4xx_hal_msp.o
 .debug_aranges
                0x0000000000000158       0x60 ./Core/Src/stm32f4xx_it.o
 .debug_aranges
                0x00000000000001b8       0x28 ./Core/Src/system_stm32f4xx.o
 .debug_aranges
                0x00000000000001e0       0x30 ./Core/Src/usart.o
 .debug_aranges
                0x0000000000000210       0x28 ./Core/Startup/startup_stm32f401retx.o
 .debug_aranges
                0x0000000000000238       0xf0 ./Drivers/STM32F4xx_HAL_Driver/Src/stm32f4xx_hal.o
 .debug_aranges
                0x0000000000000328      0x118 ./Drivers/STM32F4xx_HAL_Driver/Src/stm32f4xx_hal_cortex.o
 .debug_aranges
                0x0000000000000440       0x58 ./Drivers/STM32F4xx_HAL_Driver/Src/stm32f4xx_hal_gpio.o
 .debug_aranges
                0x0000000000000498       0x88 ./Drivers/STM32F4xx_HAL_Driver/Src/stm32f4xx_hal_rcc.o
 .debug_aranges
                0x0000000000000520      0x1d0 ./Drivers/STM32F4xx_HAL_Driver/Src/stm32f4xx_hal_spi.o
 .debug_aranges
                0x00000000000006f0      0x200 ./Drivers/STM32F4xx_HAL_Driver/Src/stm32f4xx_hal_uart.o

.debug_rnglists
                0x0000000000000000      0x6d6
 .debug_rnglists
                0x0000000000000000       0x14 ./Core/Src/gpio.o
 .debug_rnglists
                0x0000000000000014       0x21 ./Core/Src/main.o
 .debug_rnglists
                0x0000000000000035       0x20 ./Core/Src/spi.o
 .debug_rnglists
                0x0000000000000055       0x90 ./Core/Src/st7735.o
 .debug_rnglists
                0x00000000000000e5       0x13 ./Core/Src/stm32f4xx_hal_msp.o
 .debug_rnglists
                0x00000000000000f8       0x43 ./Core/Src/stm32f4xx_it.o
 .debug_rnglists
                0x000000000000013b       0x1a ./Core/Src/system_stm32f4xx.o
 .debug_rnglists
                0x0000000000000155       0x20 ./Core/Src/usart.o
 .debug_rnglists
                0x0000000000000175       0x19 ./Core/Startup/startup_stm32f401retx.o
 .debug_rnglists
                0x000000000000018e       0xaf ./Drivers/STM32F4xx_HAL_Driver/Src/stm32f4xx_hal.o
 .debug_rnglists
                0x000000000000023d       0xce ./Drivers/STM32F4xx_HAL_Driver/Src/stm32f4xx_hal_cortex.o
 .debug_rnglists
                0x000000000000030b       0x3f ./Drivers/STM32F4xx_HAL_Driver/Src/stm32f4xx_hal_gpio.o
 .debug_rnglists
                0x000000000000034a       0x66 ./Drivers/STM32F4xx_HAL_Driver/Src/stm32f4xx_hal_rcc.o
 .debug_rnglists
                0x00000000000003b0      0x16f ./Drivers/STM32F4xx_HAL_Driver/Src/stm32f4xx_hal_spi.o
 .debug_rnglists
                0x000000000000051f      0x1b7 ./Drivers/STM32F4xx_HAL_Driver/Src/stm32f4xx_hal_uart.o

.debug_macro    0x0000000000000000    0x146a9
 .debug_macro   0x0000000000000000      0x1dd ./Core/Src/gpio.o
 .debug_macro   0x00000000000001dd      0x29b ./Core/Src/gpio.o
 .debug_macro   0x0000000000000478       0x2e ./Core/Src/gpio.o
 .debug_macro   0x00000000000004a6       0x28 ./Core/Src/gpio.o
 .debug_macro   0x00000000000004ce       0x1c ./Core/Src/gpio.o
 .debug_macro   0x00000000000004ea       0x22 ./Core/Src/gpio.o
 .debug_macro   0x000000000000050c       0xd9 ./Core/Src/gpio.o
 .debug_macro   0x00000000000005e5     0x102d ./Core/Src/gpio.o
 .debug_macro   0x0000000000001612      0x11f ./Core/Src/gpio.o
 .debug_macro   0x0000000000001731     0xb86c ./Core/Src/gpio.o
 .debug_macro   0x000000000000cf9d       0x6d ./Core/Src/gpio.o
 .debug_macro   0x000000000000d00a     0x367e ./Core/Src/gpio.o
 .debug_macro   0x0000000000010688      0x174 ./Core/Src/gpio.o
 .debug_macro   0x00000000000107fc       0x5c ./Core/Src/gpio.o
 .debug_macro   0x0000000000010858      0x416 ./Core/Src/gpio.o
 .debug_macro   0x0000000000010c6e      0x9fe ./Core/Src/gpio.o
 .debug_macro   0x000000000001166c      0x115 ./Core/Src/gpio.o
 .debug_macro   0x0000000000011781       0xf8 ./Core/Src/gpio.o
 .debug_macro   0x0000000000011879       0xa5 ./Core/Src/gpio.o
 .debug_macro   0x000000000001191e      0x15f ./Core/Src/gpio.o
 .debug_macro   0x0000000000011a7d      0x287 ./Core/Src/gpio.o
 .debug_macro   0x0000000000011d04       0x5f ./Core/Src/gpio.o
 .debug_macro   0x0000000000011d63      0x236 ./Core/Src/gpio.o
 .debug_macro   0x0000000000011f99      0x132 ./Core/Src/gpio.o
 .debug_macro   0x00000000000120cb      0x264 ./Core/Src/gpio.o
 .debug_macro   0x000000000001232f       0x2e ./Core/Src/gpio.o
 .debug_macro   0x000000000001235d      0x11a ./Core/Src/gpio.o
 .debug_macro   0x0000000000012477       0x85 ./Core/Src/gpio.o
 .debug_macro   0x00000000000124fc       0x89 ./Core/Src/gpio.o
 .debug_macro   0x0000000000012585      0x225 ./Core/Src/gpio.o
 .debug_macro   0x00000000000127aa      0x295 ./Core/Src/gpio.o
 .debug_macro   0x0000000000012a3f      0x126 ./Core/Src/gpio.o
 .debug_macro   0x0000000000012b65       0x64 ./Core/Src/gpio.o
 .debug_macro   0x0000000000012bc9      0x223 ./Core/Src/main.o
 .debug_macro   0x0000000000012dec       0x22 ./Core/Src/main.o
 .debug_macro   0x0000000000012e0e      0x1d2 ./Core/Src/main.o
 .debug_macro   0x0000000000012fe0      0x1dd ./Core/Src/spi.o
 .debug_macro   0x00000000000131bd      0x1ff ./Core/Src/st7735.o
 .debug_macro   0x00000000000133bc       0x6a ./Core/Src/st7735.o
 .debug_macro   0x0000000000013426      0x1d3 ./Core/Src/stm32f4xx_hal_msp.o
 .debug_macro   0x00000000000135f9      0x1dd ./Core/Src/stm32f4xx_it.o
 .debug_macro   0x00000000000137d6      0x1c4 ./Core/Src/system_stm32f4xx.o
 .debug_macro   0x000000000001399a      0x1dd ./Core/Src/usart.o
 .debug_macro   0x0000000000013b77      0x224 ./Drivers/STM32F4xx_HAL_Driver/Src/stm32f4xx_hal.o
 .debug_macro   0x0000000000013d9b      0x1c4 ./Drivers/STM32F4xx_HAL_Driver/Src/stm32f4xx_hal_cortex.o
 .debug_macro   0x0000000000013f5f      0x1ca ./Drivers/STM32F4xx_HAL_Driver/Src/stm32f4xx_hal_gpio.o
 .debug_macro   0x0000000000014129      0x1e8 ./Drivers/STM32F4xx_HAL_Driver/Src/stm32f4xx_hal_rcc.o
 .debug_macro   0x0000000000014311      0x1d3 ./Drivers/STM32F4xx_HAL_Driver/Src/stm32f4xx_hal_spi.o
 .debug_macro   0x00000000000144e4      0x1c5 ./Drivers/STM32F4xx_HAL_Driver/Src/stm32f4xx_hal_uart.o

.debug_line     0x0000000000000000     0xc4ed
 .debug_line    0x0000000000000000      0x80f ./Core/Src/gpio.o
 .debug_line    0x000000000000080f      0x8d3 ./Core/Src/main.o
 .debug_line    0x00000000000010e2      0x867 ./Core/Src/spi.o
 .debug_line    0x0000000000001949      0xde4 ./Core/Src/st7735.o
 .debug_line    0x000000000000272d      0x7f7 ./Core/Src/stm32f4xx_hal_msp.o
 .debug_line    0x0000000000002f24      0x8b8 ./Core/Src/stm32f4xx_it.o
 .debug_line    0x00000000000037dc      0x877 ./Core/Src/system_stm32f4xx.o
 .debug_line    0x0000000000004053      0x85f ./Core/Src/usart.o
 .debug_line    0x00000000000048b2       0x7a ./Core/Startup/startup_stm32f401retx.o
 .debug_line    0x000000000000492c      0xadd ./Drivers/STM32F4xx_HAL_Driver/Src/stm32f4xx_hal.o
 .debug_line    0x0000000000005409      0xd8c ./Drivers/STM32F4xx_HAL_Driver/Src/stm32f4xx_hal_cortex.o
 .debug_line    0x0000000000006195      0xc15 ./Drivers/STM32F4xx_HAL_Driver/Src/stm32f4xx_hal_gpio.o
 .debug_line    0x0000000000006daa      0xe56 ./Drivers/STM32F4xx_HAL_Driver/Src/stm32f4xx_hal_rcc.o
 .debug_line    0x0000000000007c00     0x1d6e ./Drivers/STM32F4xx_HAL_Driver/Src/stm32f4xx_hal_spi.o
 .debug_line    0x000000000000996e     0x2b7f ./Drivers/STM32F4xx_HAL_Driver/Src/stm32f4xx_hal_uart.o

.debug_str      0x0000000000000000    0x833e6
 .debug_str     0x0000000000000000    0x803ba ./Core/Src/gpio.o
                                      0x8062d (size before relaxing)
 .debug_str     0x00000000000803ba      0xa28 ./Core/Src/main.o
                                      0x80fa0 (size before relaxing)
 .debug_str     0x0000000000080de2      0x42d ./Core/Src/spi.o
                                      0x80ab9 (size before relaxing)
 .debug_str     0x000000000008120f      0x228 ./Core/Src/st7735.o
                                      0x8138b (size before relaxing)
 .debug_str     0x0000000000081437       0x49 ./Core/Src/stm32f4xx_hal_msp.o
                                      0x8057f (size before relaxing)
 .debug_str     0x0000000000081480       0xc9 ./Core/Src/stm32f4xx_it.o
                                      0x804d6 (size before relaxing)
 .debug_str     0x0000000000081549       0xdb ./Core/Src/system_stm32f4xx.o
                                      0x804ae (size before relaxing)
 .debug_str     0x0000000000081624      0x1c8 ./Core/Src/usart.o
                                      0x80ac2 (size before relaxing)
 .debug_str     0x00000000000817ec       0x34 ./Core/Startup/startup_stm32f401retx.o
                                         0x5c (size before relaxing)
 .debug_str     0x0000000000081820      0x987 ./Drivers/STM32F4xx_HAL_Driver/Src/stm32f4xx_hal.o
                                      0x80ed0 (size before relaxing)
 .debug_str     0x00000000000821a7      0x34a ./Drivers/STM32F4xx_HAL_Driver/Src/stm32f4xx_hal_cortex.o
                                      0x80bf1 (size before relaxing)
 .debug_str     0x00000000000824f1      0x121 ./Drivers/STM32F4xx_HAL_Driver/Src/stm32f4xx_hal_gpio.o
                                      0x80629 (size before relaxing)
 .debug_str     0x0000000000082612      0x233 ./Drivers/STM32F4xx_HAL_Driver/Src/stm32f4xx_hal_rcc.o
                                      0x808e2 (size before relaxing)
 .debug_str     0x0000000000082845      0x596 ./Drivers/STM32F4xx_HAL_Driver/Src/stm32f4xx_hal_spi.o
                                      0x80d60 (size before relaxing)
 .debug_str     0x0000000000082ddb      0x60b ./Drivers/STM32F4xx_HAL_Driver/Src/stm32f4xx_hal_uart.o
                                      0x80e6f (size before relaxing)

.debug_frame    0x0000000000000000     0x2338
 .debug_frame   0x0000000000000000       0x34 ./Core/Src/gpio.o
 .debug_frame   0x0000000000000034       0x6c ./Core/Src/main.o
 .debug_frame   0x00000000000000a0       0x74 ./Core/Src/spi.o
 .debug_frame   0x0000000000000114      0x2d8 ./Core/Src/st7735.o
 .debug_frame   0x00000000000003ec       0x34 ./Core/Src/stm32f4xx_hal_msp.o
 .debug_frame   0x0000000000000420      0x104 ./Core/Src/stm32f4xx_it.o
 .debug_frame   0x0000000000000524       0x58 ./Core/Src/system_stm32f4xx.o
 .debug_frame   0x000000000000057c       0x74 ./Core/Src/usart.o
 .debug_frame   0x00000000000005f0      0x374 ./Drivers/STM32F4xx_HAL_Driver/Src/stm32f4xx_hal.o
 .debug_frame   0x0000000000000964      0x498 ./Drivers/STM32F4xx_HAL_Driver/Src/stm32f4xx_hal_cortex.o
 .debug_frame   0x0000000000000dfc      0x14c ./Drivers/STM32F4xx_HAL_Driver/Src/stm32f4xx_hal_gpio.o
 .debug_frame   0x0000000000000f48      0x1f4 ./Drivers/STM32F4xx_HAL_Driver/Src/stm32f4xx_hal_rcc.o
 .debug_frame   0x000000000000113c      0x824 ./Drivers/STM32F4xx_HAL_Driver/Src/stm32f4xx_hal_spi.o
 .debug_frame   0x0000000000001960      0x92c ./Drivers/STM32F4xx_HAL_Driver/Src/stm32f4xx_hal_uart.o
 .debug_frame   0x000000000000228c       0x20 D:/Cloud/STM32CubeIDE/STM32CubeIDE_1.13.2/STM32CubeIDE/plugins/com.st.stm32cube.ide.mcu.externaltools.gnu-tools-for-stm32.11.3.rel1.win32_1.1.1.202309131626/tools/bin/../lib/gcc/arm-none-eabi/11.3.1/../../../../arm-none-eabi/lib/thumb/v7e-m+fp/hard\libc_nano.a(libc_a-memset.o)
 .debug_frame   0x00000000000022ac       0x2c D:/Cloud/STM32CubeIDE/STM32CubeIDE_1.13.2/STM32CubeIDE/plugins/com.st.stm32cube.ide.mcu.externaltools.gnu-tools-for-stm32.11.3.rel1.win32_1.1.1.202309131626/tools/bin/../lib/gcc/arm-none-eabi/11.3.1/../../../../arm-none-eabi/lib/thumb/v7e-m+fp/hard\libc_nano.a(libc_a-init.o)
 .debug_frame   0x00000000000022d8       0x2c D:/Cloud/STM32CubeIDE/STM32CubeIDE_1.13.2/STM32CubeIDE/plugins/com.st.stm32cube.ide.mcu.externaltools.gnu-tools-for-stm32.11.3.rel1.win32_1.1.1.202309131626/tools/bin/../lib/gcc/arm-none-eabi/11.3.1/thumb/v7e-m+fp/hard\libgcc.a(_aeabi_uldivmod.o)
 .debug_frame   0x0000000000002304       0x34 D:/Cloud/STM32CubeIDE/STM32CubeIDE_1.13.2/STM32CubeIDE/plugins/com.st.stm32cube.ide.mcu.externaltools.gnu-tools-for-stm32.11.3.rel1.win32_1.1.1.202309131626/tools/bin/../lib/gcc/arm-none-eabi/11.3.1/thumb/v7e-m+fp/hard\libgcc.a(_udivmoddi4.o)

.debug_line_str
                0x0000000000000000       0x50
 .debug_line_str
                0x0000000000000000       0x50 ./Core/Startup/startup_stm32f401retx.o
                                         0x68 (size before relaxing)
