Archive member included to satisfy reference by file (symbol)

D:/Cloud/STM32CubeIDE/STM32CubeIDE_1.13.2/STM32CubeIDE/plugins/com.st.stm32cube.ide.mcu.externaltools.gnu-tools-for-stm32.11.3.rel1.win32_1.1.1.202309131626/tools/bin/../lib/gcc/arm-none-eabi/11.3.1/../../../../arm-none-eabi/lib/thumb/v7e-m+fp/hard\libc_nano.a(libc_a-exit.o)
                              D:/Cloud/STM32CubeIDE/STM32CubeIDE_1.13.2/STM32CubeIDE/plugins/com.st.stm32cube.ide.mcu.externaltools.gnu-tools-for-stm32.11.3.rel1.win32_1.1.1.202309131626/tools/bin/../lib/gcc/arm-none-eabi/11.3.1/../../../../arm-none-eabi/lib/thumb/v7e-m+fp/hard/crt0.o (exit)
D:/Cloud/STM32CubeIDE/STM32CubeIDE_1.13.2/STM32CubeIDE/plugins/com.st.stm32cube.ide.mcu.externaltools.gnu-tools-for-stm32.11.3.rel1.win32_1.1.1.202309131626/tools/bin/../lib/gcc/arm-none-eabi/11.3.1/../../../../arm-none-eabi/lib/thumb/v7e-m+fp/hard\libc_nano.a(libc_a-findfp.o)
                              ./Middlewares/Third_Party/FreeRTOS/Source/tasks.o (__sf)
D:/Cloud/STM32CubeIDE/STM32CubeIDE_1.13.2/STM32CubeIDE/plugins/com.st.stm32cube.ide.mcu.externaltools.gnu-tools-for-stm32.11.3.rel1.win32_1.1.1.202309131626/tools/bin/../lib/gcc/arm-none-eabi/11.3.1/../../../../arm-none-eabi/lib/thumb/v7e-m+fp/hard\libc_nano.a(libc_a-fwalk.o)
                              D:/Cloud/STM32CubeIDE/STM32CubeIDE_1.13.2/STM32CubeIDE/plugins/com.st.stm32cube.ide.mcu.externaltools.gnu-tools-for-stm32.11.3.rel1.win32_1.1.1.202309131626/tools/bin/../lib/gcc/arm-none-eabi/11.3.1/../../../../arm-none-eabi/lib/thumb/v7e-m+fp/hard\libc_nano.a(libc_a-findfp.o) (_fwalk_sglue)
D:/Cloud/STM32CubeIDE/STM32CubeIDE_1.13.2/STM32CubeIDE/plugins/com.st.stm32cube.ide.mcu.externaltools.gnu-tools-for-stm32.11.3.rel1.win32_1.1.1.202309131626/tools/bin/../lib/gcc/arm-none-eabi/11.3.1/../../../../arm-none-eabi/lib/thumb/v7e-m+fp/hard\libc_nano.a(libc_a-stdio.o)
                              D:/Cloud/STM32CubeIDE/STM32CubeIDE_1.13.2/STM32CubeIDE/plugins/com.st.stm32cube.ide.mcu.externaltools.gnu-tools-for-stm32.11.3.rel1.win32_1.1.1.202309131626/tools/bin/../lib/gcc/arm-none-eabi/11.3.1/../../../../arm-none-eabi/lib/thumb/v7e-m+fp/hard\libc_nano.a(libc_a-findfp.o) (__sread)
D:/Cloud/STM32CubeIDE/STM32CubeIDE_1.13.2/STM32CubeIDE/plugins/com.st.stm32cube.ide.mcu.externaltools.gnu-tools-for-stm32.11.3.rel1.win32_1.1.1.202309131626/tools/bin/../lib/gcc/arm-none-eabi/11.3.1/../../../../arm-none-eabi/lib/thumb/v7e-m+fp/hard\libc_nano.a(libc_a-memset.o)
                              D:/Cloud/STM32CubeIDE/STM32CubeIDE_1.13.2/STM32CubeIDE/plugins/com.st.stm32cube.ide.mcu.externaltools.gnu-tools-for-stm32.11.3.rel1.win32_1.1.1.202309131626/tools/bin/../lib/gcc/arm-none-eabi/11.3.1/../../../../arm-none-eabi/lib/thumb/v7e-m+fp/hard/crt0.o (memset)
D:/Cloud/STM32CubeIDE/STM32CubeIDE_1.13.2/STM32CubeIDE/plugins/com.st.stm32cube.ide.mcu.externaltools.gnu-tools-for-stm32.11.3.rel1.win32_1.1.1.202309131626/tools/bin/../lib/gcc/arm-none-eabi/11.3.1/../../../../arm-none-eabi/lib/thumb/v7e-m+fp/hard\libc_nano.a(libc_a-closer.o)
                              D:/Cloud/STM32CubeIDE/STM32CubeIDE_1.13.2/STM32CubeIDE/plugins/com.st.stm32cube.ide.mcu.externaltools.gnu-tools-for-stm32.11.3.rel1.win32_1.1.1.202309131626/tools/bin/../lib/gcc/arm-none-eabi/11.3.1/../../../../arm-none-eabi/lib/thumb/v7e-m+fp/hard\libc_nano.a(libc_a-stdio.o) (_close_r)
D:/Cloud/STM32CubeIDE/STM32CubeIDE_1.13.2/STM32CubeIDE/plugins/com.st.stm32cube.ide.mcu.externaltools.gnu-tools-for-stm32.11.3.rel1.win32_1.1.1.202309131626/tools/bin/../lib/gcc/arm-none-eabi/11.3.1/../../../../arm-none-eabi/lib/thumb/v7e-m+fp/hard\libc_nano.a(libc_a-reent.o)
                              ./Middlewares/Third_Party/FreeRTOS/Source/tasks.o (_reclaim_reent)
D:/Cloud/STM32CubeIDE/STM32CubeIDE_1.13.2/STM32CubeIDE/plugins/com.st.stm32cube.ide.mcu.externaltools.gnu-tools-for-stm32.11.3.rel1.win32_1.1.1.202309131626/tools/bin/../lib/gcc/arm-none-eabi/11.3.1/../../../../arm-none-eabi/lib/thumb/v7e-m+fp/hard\libc_nano.a(libc_a-impure.o)
                              ./Middlewares/Third_Party/FreeRTOS/Source/tasks.o (_impure_ptr)
D:/Cloud/STM32CubeIDE/STM32CubeIDE_1.13.2/STM32CubeIDE/plugins/com.st.stm32cube.ide.mcu.externaltools.gnu-tools-for-stm32.11.3.rel1.win32_1.1.1.202309131626/tools/bin/../lib/gcc/arm-none-eabi/11.3.1/../../../../arm-none-eabi/lib/thumb/v7e-m+fp/hard\libc_nano.a(libc_a-lseekr.o)
                              D:/Cloud/STM32CubeIDE/STM32CubeIDE_1.13.2/STM32CubeIDE/plugins/com.st.stm32cube.ide.mcu.externaltools.gnu-tools-for-stm32.11.3.rel1.win32_1.1.1.202309131626/tools/bin/../lib/gcc/arm-none-eabi/11.3.1/../../../../arm-none-eabi/lib/thumb/v7e-m+fp/hard\libc_nano.a(libc_a-stdio.o) (_lseek_r)
D:/Cloud/STM32CubeIDE/STM32CubeIDE_1.13.2/STM32CubeIDE/plugins/com.st.stm32cube.ide.mcu.externaltools.gnu-tools-for-stm32.11.3.rel1.win32_1.1.1.202309131626/tools/bin/../lib/gcc/arm-none-eabi/11.3.1/../../../../arm-none-eabi/lib/thumb/v7e-m+fp/hard\libc_nano.a(libc_a-readr.o)
[...]
Memory Configuration

Name             Origin             Length             Attributes
RAM              0x0000000020000000 0x0000000000018000 xrw
FLASH            0x0000000008000000 0x0000000000080000 xr
*default*        0x0000000000000000 0xffffffffffffffff

Linker script and memory map

LOAD D:/Cloud/STM32CubeIDE/STM32CubeIDE_1.13.2/STM32CubeIDE/plugins/com.st.stm32cube.ide.mcu.externaltools.gnu-tools-for-stm32.11.3.rel1.win32_1.1.1.202309131626/tools/bin/../lib/gcc/arm-none-eabi/11.3.1/thumb/v7e-m+fp/hard/crti.o
LOAD D:/Cloud/STM32CubeIDE/STM32CubeIDE_1.13.2/STM32CubeIDE/plugins/com.st.stm32cube.ide.mcu.externaltools.gnu-tools-for-stm32.11.3.rel1.win32_1.1.1.202309131626/tools/bin/../lib/gcc/arm-none-eabi/11.3.1/thumb/v7e-m+fp/hard/crtbegin.o
LOAD D:/Cloud/STM32CubeIDE/STM32CubeIDE_1.13.2/STM32CubeIDE/plugins/com.st.stm32cube.ide.mcu.externaltools.gnu-tools-for-stm32.11.3.rel1.win32_1.1.1.202309131626/tools/bin/../lib/gcc/arm-none-eabi/11.3.1/../../../../arm-none-eabi/lib/thumb/v7e-m+fp/hard/crt0.o
LOAD ./Core/Src/KeyPad.o
LOAD ./Core/Src/fonts.o
LOAD ./Core/Src/freertos.o
LOAD ./Core/Src/gpio.o
LOAD ./Core/Src/main.o
LOAD ./Core/Src/spi.o
LOAD ./Core/Src/st7735.o
LOAD ./Core/Src/stm32f4xx_hal_msp.o
LOAD ./Core/Src/stm32f4xx_hal_timebase_tim.o
LOAD ./Core/Src/stm32f4xx_it.o
LOAD ./Core/Src/syscalls.o
LOAD ./Core/Src/sysmem.o
LOAD ./Core/Src/system_stm32f4xx.o
LOAD ./Core/Src/tim.o
LOAD ./Core/Src/usart.o
LOAD ./Core/Startup/startup_stm32f401retx.o
LOAD ./Drivers/STM32F4xx_HAL_Driver/Src/stm32f4xx_hal.o
LOAD ./Drivers/STM32F4xx_HAL_Driver/Src/stm32f4xx_hal_cortex.o
LOAD ./Drivers/STM32F4xx_HAL_Driver/Src/stm32f4xx_hal_dma.o
LOAD ./Drivers/STM32F4xx_HAL_Driver/Src/stm32f4xx_hal_dma_ex.o
LOAD ./Drivers/STM32F4xx_HAL_Driver/Src/stm32f4xx_hal_exti.o
LOAD ./Drivers/STM32F4xx_HAL_Driver/Src/stm32f4xx_hal_flash.o
LOAD ./Drivers/STM32F4xx_HAL_Driver/Src/stm32f4xx_hal_flash_ex.o
LOAD ./Drivers/STM32F4xx_HAL_Driver/Src/stm32f4xx_hal_flash_ramfunc.o
LOAD ./Drivers/STM32F4xx_HAL_Driver/Src/stm32f4xx_hal_gpio.o
LOAD ./Drivers/STM32F4xx_HAL_Driver/Src/stm32f4xx_hal_pwr.o
LOAD ./Drivers/STM32F4xx_HAL_Driver/Src/stm32f4xx_hal_pwr_ex.o
LOAD ./Drivers/STM32F4xx_HAL_Driver/Src/stm32f4xx_hal_rcc.o
LOAD ./Drivers/STM32F4xx_HAL_Driver/Src/stm32f4xx_hal_rcc_ex.o
LOAD ./Drivers/STM32F4xx_HAL_Driver/Src/stm32f4xx_hal_spi.o
LOAD ./Drivers/STM32F4xx_HAL_Driver/Src/stm32f4xx_hal_tim.o
LOAD ./Drivers/STM32F4xx_HAL_Driver/Src/stm32f4xx_hal_tim_ex.o
LOAD ./Drivers/STM32F4xx_HAL_Driver/Src/stm32f4xx_hal_uart.o
LOAD ./Middlewares/Third_Party/FreeRTOS/Source/CMSIS_RTOS_V2/cmsis_os2.o
LOAD ./Middlewares/Third_Party/FreeRTOS/Source/croutine.o
LOAD ./Middlewares/Third_Party/FreeRTOS/Source/event_groups.o
LOAD ./Middlewares/Third_Party/FreeRTOS/Source/list.o
LOAD ./Middlewares/Third_Party/FreeRTOS/Source/queue.o
LOAD ./Middlewares/Third_Party/FreeRTOS/Source/stream_buffer.o
LOAD ./Middlewares/Third_Party/FreeRTOS/Source/tasks.o
LOAD ./Middlewares/Third_Party/FreeRTOS/Source/timers.o
LOAD ./Middlewares/Third_Party/FreeRTOS/Source/portable/GCC/ARM_CM4F/port.o
LOAD ./Middlewares/Third_Party/FreeRTOS/Source/portable/MemMang/heap_4.o
START GROUP
LOAD D:/Cloud/STM32CubeIDE/STM32CubeIDE_1.13.2/STM32CubeIDE/plugins/com.st.stm32cube.ide.mcu.externaltools.gnu-tools-for-stm32.11.3.rel1.win32_1.1.1.202309131626/tools/bin/../lib/gcc/arm-none-eabi/11.3.1/../../../../arm-none-eabi/lib/thumb/v7e-m+fp/hard\libc_nano.a
LOAD D:/Cloud/STM32CubeIDE/STM32CubeIDE_1.13.2/STM32CubeIDE/plugins/com.st.stm32cube.ide.mcu.externaltools.gnu-tools-for-stm32.11.3.rel1.win32_1.1.1.202309131626/tools/bin/../lib/gcc/arm-none-eabi/11.3.1/../../../../arm-none-eabi/lib/thumb/v7e-m+fp/hard\libm.a
END GROUP
START GROUP
LOAD D:/Cloud/STM32CubeIDE/STM32CubeIDE_1.13.2/STM32CubeIDE/plugins/com.st.stm32cube.ide.mcu.externaltools.gnu-tools-for-stm32.11.3.rel1.win32_1.1.1.202309131626/tools/bin/../lib/gcc/arm-none-eabi/11.3.1/thumb/v7e-m+fp/hard\libgcc.a
LOAD D:/Cloud/STM32CubeIDE/STM32CubeIDE_1.13.2/STM32CubeIDE/plugins/com.st.stm32cube.ide.mcu.externaltools.gnu-tools-for-stm32.11.3.rel1.win32_1.1.1.202309131626/tools/bin/../lib/gcc/arm-none-eabi/11.3.1/../../../../arm-none-eabi/lib/thumb/v7e-m+fp/hard\libc_nano.a
END GROUP
START GROUP
LOAD D:/Cloud/STM32CubeIDE/STM32CubeIDE_1.13.2/STM32CubeIDE/plugins/com.st.stm32cube.ide.mcu.externaltools.gnu-tools-for-stm32.11.3.rel1.win32_1.1.1.202309131626/tools/bin/../lib/gcc/arm-none-eabi/11.3.1/thumb/v7e-m+fp/hard\libgcc.a
LOAD D:/Cloud/STM32CubeIDE/STM32CubeIDE_1.13.2/STM32CubeIDE/plugins/com.st.stm32cube.ide.mcu.externaltools.gnu-tools-for-stm32.11.3.rel1.win32_1.1.1.202309131626/tools/bin/../lib/gcc/arm-none-eabi/11.3.1/../../../../arm-none-eabi/lib/thumb/v7e-m+fp/hard\libc_nano.a
LOAD D:/Cloud/STM32CubeIDE/STM32CubeIDE_1.13.2/STM32CubeIDE/plugins/com.st.stm32cube.ide.mcu.externaltools.gnu-tools-for-stm32.11.3.rel1.win32_1.1.1.202309131626/tools/bin/../lib/gcc/arm-none-eabi/11.3.1/../../../../arm-none-eabi/lib/thumb/v7e-m+fp/hard\libnosys.a
END GROUP
START GROUP
LOAD D:/Cloud/STM32CubeIDE/STM32CubeIDE_1.13.2/STM32CubeIDE/plugins/com.st.stm32cube.ide.mcu.externaltools.gnu-tools-for-stm32.11.3.rel1.win32_1.1.1.202309131626/tools/bin/../lib/gcc/arm-none-eabi/11.3.1/thumb/v7e-m+fp/hard\libgcc.a
LOAD D:/Cloud/STM32CubeIDE/STM32CubeIDE_1.13.2/STM32CubeIDE/plugins/com.st.stm32cube.ide.mcu.externaltools.gnu-tools-for-stm32.11.3.rel1.win32_1.1.1.202309131626/tools/bin/../lib/gcc/arm-none-eabi/11.3.1/../../../../arm-none-eabi/lib/thumb/v7e-m+fp/hard\libc_nano.a
LOAD D:/Cloud/STM32CubeIDE/STM32CubeIDE_1.13.2/STM32CubeIDE/plugins/com.st.stm32cube.ide.mcu.externaltools.gnu-tools-for-stm32.11.3.rel1.win32_1.1.1.202309131626/tools/bin/../lib/gcc/arm-none-eabi/11.3.1/../../../../arm-none-eabi/lib/thumb/v7e-m+fp/hard\libnosys.a
END GROUP
LOAD D:/Cloud/STM32CubeIDE/STM32CubeIDE_1.13.2/STM32CubeIDE/plugins/com.st.stm32cube.ide.mcu.externaltools.gnu-tools-for-stm32.11.3.rel1.win32_1.1.1.202309131626/tools/bin/../lib/gcc/arm-none-eabi/11.3.1/thumb/v7e-m+fp/hard/crtend.o
LOAD D:/Cloud/STM32CubeIDE/STM32CubeIDE_1.13.2/STM32CubeIDE/plugins/com.st.stm32cube.ide.mcu.externaltools.gnu-tools-for-stm32.11.3.rel1.win32_1.1.1.202309131626/tools/bin/../lib/gcc/arm-none-eabi/11.3.1/thumb/v7e-m+fp/hard/crtn.o
                0x0000000020018000                _estack = (ORIGIN (RAM) + LENGTH (RAM))
                0x0000000000000200                _Min_Heap_Size = 0x200
                0x0000000000000400                _Min_Stack_Size = 0x400

.isr_vector     0x0000000008000000      0x194
                0x0000000008000000                . = ALIGN (0x4)
 *(.isr_vector)
 .isr_vector    0x0000000008000000      0x194 ./Core/Startup/startup_stm32f401retx.o
                0x0000000008000000                g_pfnVectors
                0x0000000008000194                . = ALIGN (0x4)

.text           0x00000000080001a0     0x7c58
                0x00000000080001a0                . = ALIGN (0x4)
 *(.text)
 .text          0x00000000080001a0       0x40 D:/Cloud/STM32CubeIDE/STM32CubeIDE_1.13.2/STM32CubeIDE/plugins/com.st.stm32cube.ide.mcu.externaltools.gnu-tools-for-stm32.11.3.rel1.win32_1.1.1.202309131626/tools/bin/../lib/gcc/arm-none-eabi/11.3.1/thumb/v7e-m+fp/hard/crtbegin.o
 .text          0x00000000080001e0      0x378 D:/Cloud/STM32CubeIDE/STM32CubeIDE_1.13.2/STM32CubeIDE/plugins/com.st.stm32cube.ide.mcu.externaltools.gnu-tools-for-stm32.11.3.rel1.win32_1.1.1.202309131626/tools/bin/../lib/gcc/arm-none-eabi/11.3.1/thumb/v7e-m+fp/hard\libgcc.a(_arm_addsubdf3.o)
                0x00000000080001e0                __aeabi_drsub
                0x00000000080001e8                __aeabi_dsub
                0x00000000080001e8                __subdf3
                0x00000000080001ec                __aeabi_dadd
                0x00000000080001ec                __adddf3
                0x0000000008000464                __floatunsidf
                0x0000000008000464                __aeabi_ui2d
                0x0000000008000484                __floatsidf
                0x0000000008000484                __aeabi_i2d
                0x00000000080004a8                __aeabi_f2d
                0x00000000080004a8                __extendsfdf2
                0x00000000080004ec                __floatundidf
                0x00000000080004ec                __aeabi_ul2d
                0x00000000080004fc                __floatdidf
                0x00000000080004fc                __aeabi_l2d
 .text          0x0000000008000558      0x424 D:/Cloud/STM32CubeIDE/STM32CubeIDE_1.13.2/STM32CubeIDE/plugins/com.st.stm32cube.ide.mcu.externaltools.gnu-tools-for-stm32.11.3.rel1.win32_1.1.1.202309131626/tools/bin/../lib/gcc/arm-none-eabi/11.3.1/thumb/v7e-m+fp/hard\libgcc.a(_arm_muldivdf3.o)
                0x0000000008000558                __aeabi_dmul
                0x0000000008000558                __muldf3
                0x00000000080007ac                __divdf3
                0x00000000080007ac                __aeabi_ddiv
 .text          0x000000000800097c       0x50 D:/Cloud/STM32CubeIDE/STM32CubeIDE_1.13.2/STM32CubeIDE/plugins/com.st.stm32cube.ide.mcu.externaltools.gnu-tools-for-stm32.11.3.rel1.win32_1.1.1.202309131626/tools/bin/../lib/gcc/arm-none-eabi/11.3.1/thumb/v7e-m+fp/hard\libgcc.a(_arm_fixdfsi.o)
                0x000000000800097c                __aeabi_d2iz
                0x000000000800097c                __fixdfsi
 .text          0x00000000080009cc       0x30 D:/Cloud/STM32CubeIDE/STM32CubeIDE_1.13.2/STM32CubeIDE/plugins/com.st.stm32cube.ide.mcu.externaltools.gnu-tools-for-stm32.11.3.rel1.win32_1.1.1.202309131626/tools/bin/../lib/gcc/arm-none-eabi/11.3.1/thumb/v7e-m+fp/hard\libgcc.a(_aeabi_uldivmod.o)
                0x00000000080009cc                __aeabi_uldivmod
 .text          0x00000000080009fc      0x2c8 D:/Cloud/STM32CubeIDE/STM32CubeIDE_1.13.2/STM32CubeIDE/plugins/com.st.stm32cube.ide.mcu.externaltools.gnu-tools-for-stm32.11.3.rel1.win32_1.1.1.202309131626/tools/bin/../lib/gcc/arm-none-eabi/11.3.1/thumb/v7e-m+fp/hard\libgcc.a(_udivmoddi4.o)
                0x00000000080009fc                __udivmoddi4
 .text          0x0000000008000cc4        0x4 D:/Cloud/STM32CubeIDE/STM32CubeIDE_1.13.2/STM32CubeIDE/plugins/com.st.stm32cube.ide.mcu.externaltools.gnu-tools-for-stm32.11.3.rel1.win32_1.1.1.202309131626/tools/bin/../lib/gcc/arm-none-eabi/11.3.1/thumb/v7e-m+fp/hard\libgcc.a(_dvmd_tls.o)
                0x0000000008000cc4                __aeabi_idiv0
                0x0000000008000cc4                __aeabi_ldiv0
 *(.text*)
 .text.KeyPad_Init
                0x0000000008000cc8       0xc4 ./Core/Src/KeyPad.o
                0x0000000008000cc8                KeyPad_Init
 .text.KeyPad_Scan
                0x0000000008000d8c      0x138 ./Core/Src/KeyPad.o
                0x0000000008000d8c                KeyPad_Scan
 .text.KeyPad_WaitForKey
                0x0000000008000ec4       0x78 ./Core/Src/KeyPad.o
                0x0000000008000ec4                KeyPad_WaitForKey
 .text.KeyPad_WaitForKeyGetChar
                0x0000000008000f3c      0x164 ./Core/Src/KeyPad.o
                0x0000000008000f3c                KeyPad_WaitForKeyGetChar
 .text.MX_FREERTOS_Init
                0x00000000080010a0       0x94 ./Core/Src/freertos.o
                0x00000000080010a0                MX_FREERTOS_Init
 .text.char_to_int
                0x0000000008001134       0x7a ./Core/Src/freertos.o
                0x0000000008001134                char_to_int
 *fill*         0x00000000080011ae        0x2 
 .text.first_screen
                0x00000000080011b0       0x2c ./Core/Src/freertos.o
                0x00000000080011b0                first_screen
 .text.top_bar  0x00000000080011dc       0x70 ./Core/Src/freertos.o
                0x00000000080011dc                top_bar
 .text.screen_0
                0x000000000800124c       0x84 ./Core/Src/freertos.o
                0x000000000800124c                screen_0
 .text.screen_1
                0x00000000080012d0      0x118 ./Core/Src/freertos.o
                0x00000000080012d0                screen_1
 .text.bottom_bar
                0x00000000080013e8      0x124 ./Core/Src/freertos.o
                0x00000000080013e8                bottom_bar
 .text.message_box
                0x000000000800150c      0x2b0 ./Core/Src/freertos.o
                0x000000000800150c                message_box
 .text.microDelay
                0x00000000080017bc       0x1a ./Core/Src/freertos.o
                0x00000000080017bc                microDelay
 *fill*         0x00000000080017d6        0x2 
 .text.step     0x00000000080017d8       0x7c ./Core/Src/freertos.o
                0x00000000080017d8                step
 .text.StepperMotor
                0x0000000008001854      0x120 ./Core/Src/freertos.o
                0x0000000008001854                StepperMotor
 .text.StepperInit
                0x0000000008001974       0x20 ./Core/Src/freertos.o
                0x0000000008001974                StepperInit
 .text.gui_render
                0x0000000008001994      0x1b8 ./Core/Src/freertos.o
                0x0000000008001994                gui_render
 .text.buzzer   0x0000000008001b4c       0x70 ./Core/Src/freertos.o
                0x0000000008001b4c                buzzer
 .text.OrangeAlarmLight
                0x0000000008001bbc       0x88 ./Core/Src/freertos.o
                0x0000000008001bbc                OrangeAlarmLight
 .text.WiFi     0x0000000008001c44       0xb0 ./Core/Src/freertos.o
                0x0000000008001c44                WiFi
 .text.EmergencyStop
                0x0000000008001cf4       0x5c ./Core/Src/freertos.o
                0x0000000008001cf4                EmergencyStop
 .text.MX_GPIO_Init
                0x0000000008001d50      0x1cc ./Core/Src/gpio.o
                0x0000000008001d50                MX_GPIO_Init
 .text.main     0x0000000008001f1c       0x2a ./Core/Src/main.o
                0x0000000008001f1c                main
 *fill*         0x0000000008001f46        0x2 
 .text.SystemClock_Config
                0x0000000008001f48       0xd4 ./Core/Src/main.o
                0x0000000008001f48                SystemClock_Config
 .text.HAL_TIM_PeriodElapsedCallback
                0x000000000800201c       0x1e ./Core/Src/main.o
                0x000000000800201c                HAL_TIM_PeriodElapsedCallback
 .text.Error_Handler
                0x000000000800203a        0xa ./Core/Src/main.o
                0x000000000800203a                Error_Handler
 .text.MX_SPI1_Init
                0x0000000008002044       0x6c ./Core/Src/spi.o
                0x0000000008002044                MX_SPI1_Init
 .text.HAL_SPI_MspInit
                0x00000000080020b0       0x90 ./Core/Src/spi.o
                0x00000000080020b0                HAL_SPI_MspInit
 .text.ST7735_SetAddressWindow
                0x0000000008002140       0x70 ./Core/Src/st7735.o
 .text.ST7735_Init
                0x00000000080021b0       0x50 ./Core/Src/st7735.o
                0x00000000080021b0                ST7735_Init
 .text.ST7735_Init_Command1
                0x0000000008002200      0x10c ./Core/Src/st7735.o
                0x0000000008002200                ST7735_Init_Command1
 .text.ST7735_Init_Command2
                0x000000000800230c       0x44 ./Core/Src/st7735.o
                0x000000000800230c                ST7735_Init_Command2
 .text.ST7735_Init_Command3
                0x0000000008002350       0xec ./Core/Src/st7735.o
                0x0000000008002350                ST7735_Init_Command3
 .text.ST7735_DrawPixel
                0x000000000800243c       0x80 ./Core/Src/st7735.o
                0x000000000800243c                ST7735_DrawPixel
 .text.ST7735_DrawString
                0x00000000080024bc       0x6a ./Core/Src/st7735.o
                0x00000000080024bc                ST7735_DrawString
 *fill*         0x0000000008002526        0x2 
 .text.ST7735_DrawCharS
                0x0000000008002528      0x19c ./Core/Src/st7735.o
                0x0000000008002528                ST7735_DrawCharS
 .text.ST7735_FillRectangle
                0x00000000080026c4       0xec ./Core/Src/st7735.o
                0x00000000080026c4                ST7735_FillRectangle
 .text.ST7735_FillScreen
                0x00000000080027b0       0x22 ./Core/Src/st7735.o
                0x00000000080027b0                ST7735_FillScreen
 *fill*         0x00000000080027d2        0x2 
 .text.ST7735_DrawImage
                0x00000000080027d4      0x184 ./Core/Src/st7735.o
                0x00000000080027d4                ST7735_DrawImage
 .text.lcd7735_sendCmd
                0x0000000008002958       0x2c ./Core/Src/st7735.o
                0x0000000008002958                lcd7735_sendCmd
 .text.lcd7735_sendData
                0x0000000008002984       0x2c ./Core/Src/st7735.o
                0x0000000008002984                lcd7735_sendData
 .text.lcd7735_senddata
                0x00000000080029b0       0x24 ./Core/Src/st7735.o
                0x00000000080029b0                lcd7735_senddata
 .text.HAL_MspInit
                0x00000000080029d4       0x58 ./Core/Src/stm32f4xx_hal_msp.o
                0x00000000080029d4                HAL_MspInit
 .text.HAL_InitTick
                0x0000000008002a2c       0xf8 ./Core/Src/stm32f4xx_hal_timebase_tim.o
                0x0000000008002a2c                HAL_InitTick
 .text.NMI_Handler
                0x0000000008002b24        0x6 ./Core/Src/stm32f4xx_it.o
                0x0000000008002b24                NMI_Handler
 .text.HardFault_Handler
                0x0000000008002b2a        0x6 ./Core/Src/stm32f4xx_it.o
                0x0000000008002b2a                HardFault_Handler
 .text.MemManage_Handler
                0x0000000008002b30        0x6 ./Core/Src/stm32f4xx_it.o
                0x0000000008002b30                MemManage_Handler
 .text.BusFault_Handler
                0x0000000008002b36        0x6 ./Core/Src/stm32f4xx_it.o
                0x0000000008002b36                BusFault_Handler
 .text.UsageFault_Handler
                0x0000000008002b3c        0x6 ./Core/Src/stm32f4xx_it.o
                0x0000000008002b3c                UsageFault_Handler
 .text.DebugMon_Handler
                0x0000000008002b42        0xe ./Core/Src/stm32f4xx_it.o
                0x0000000008002b42                DebugMon_Handler
 .text.TIM2_IRQHandler
                0x0000000008002b50       0x14 ./Core/Src/stm32f4xx_it.o
                0x0000000008002b50                TIM2_IRQHandler
 .text.SystemInit
                0x0000000008002b64       0x24 ./Core/Src/system_stm32f4xx.o
                0x0000000008002b64                SystemInit
 .text.MX_TIM3_Init
                0x0000000008002b88       0x9c ./Core/Src/tim.o
                0x0000000008002b88                MX_TIM3_Init
 .text.HAL_TIM_Base_MspInit
                0x0000000008002c24       0x44 ./Core/Src/tim.o
                0x0000000008002c24                HAL_TIM_Base_MspInit
 .text.MX_USART2_UART_Init
                0x0000000008002c68       0x54 ./Core/Src/usart.o
                0x0000000008002c68                MX_USART2_UART_Init
 .text.HAL_UART_MspInit
                0x0000000008002cbc       0x90 ./Core/Src/usart.o
                0x0000000008002cbc                HAL_UART_MspInit
 .text.Reset_Handler
                0x0000000008002d4c       0x50 ./Core/Startup/startup_stm32f401retx.o
                0x0000000008002d4c                Reset_Handler
 .text.Default_Handler
                0x0000000008002d9c        0x2 ./Core/Startup/startup_stm32f401retx.o
                0x0000000008002d9c                RTC_Alarm_IRQHandler
                0x0000000008002d9c                EXTI2_IRQHandler
                0x0000000008002d9c                SPI4_IRQHandler
                0x0000000008002d9c                TIM1_CC_IRQHandler
                0x0000000008002d9c                DMA2_Stream5_IRQHandler
                0x0000000008002d9c                DMA1_Stream5_IRQHandler
                0x0000000008002d9c                PVD_IRQHandler
                0x0000000008002d9c                SDIO_IRQHandler
                0x0000000008002d9c                TAMP_STAMP_IRQHandler
                0x0000000008002d9c                EXTI3_IRQHandler
                0x0000000008002d9c                TIM1_UP_TIM10_IRQHandler
                0x0000000008002d9c                I2C3_ER_IRQHandler
                0x0000000008002d9c                EXTI0_IRQHandler
                0x0000000008002d9c                I2C2_EV_IRQHandler
                0x0000000008002d9c                DMA1_Stream2_IRQHandler
                0x0000000008002d9c                FPU_IRQHandler
                0x0000000008002d9c                DMA2_Stream2_IRQHandler
                0x0000000008002d9c                SPI1_IRQHandler
                0x0000000008002d9c                TIM1_BRK_TIM9_IRQHandler
                0x0000000008002d9c                DMA2_Stream3_IRQHandler
                0x0000000008002d9c                USART6_IRQHandler
                0x0000000008002d9c                DMA2_Stream0_IRQHandler
                0x0000000008002d9c                TIM4_IRQHandler
                0x0000000008002d9c                I2C1_EV_IRQHandler
                0x0000000008002d9c                DMA1_Stream6_IRQHandler
                0x0000000008002d9c                DMA1_Stream1_IRQHandler
                0x0000000008002d9c                TIM3_IRQHandler
                0x0000000008002d9c                RCC_IRQHandler
                0x0000000008002d9c                Default_Handler
                0x0000000008002d9c                EXTI15_10_IRQHandler
                0x0000000008002d9c                ADC_IRQHandler
                0x0000000008002d9c                DMA1_Stream7_IRQHandler
                0x0000000008002d9c                TIM5_IRQHandler
                0x0000000008002d9c                DMA2_Stream7_IRQHandler
                0x0000000008002d9c                I2C3_EV_IRQHandler
                0x0000000008002d9c                EXTI9_5_IRQHandler
                0x0000000008002d9c                RTC_WKUP_IRQHandler
                0x0000000008002d9c                SPI2_IRQHandler
                0x0000000008002d9c                DMA1_Stream0_IRQHandler
                0x0000000008002d9c                EXTI4_IRQHandler
                0x0000000008002d9c                WWDG_IRQHandler
                0x0000000008002d9c                OTG_FS_WKUP_IRQHandler
                0x0000000008002d9c                TIM1_TRG_COM_TIM11_IRQHandler
                0x0000000008002d9c                EXTI1_IRQHandler
                0x0000000008002d9c                USART2_IRQHandler
                0x0000000008002d9c                I2C2_ER_IRQHandler
                0x0000000008002d9c                DMA2_Stream1_IRQHandler
                0x0000000008002d9c                FLASH_IRQHandler
                0x0000000008002d9c                DMA2_Stream4_IRQHandler
                0x0000000008002d9c                USART1_IRQHandler
                0x0000000008002d9c                OTG_FS_IRQHandler
                0x0000000008002d9c                SPI3_IRQHandler
                0x0000000008002d9c                DMA1_Stream4_IRQHandler
                0x0000000008002d9c                I2C1_ER_IRQHandler
                0x0000000008002d9c                DMA2_Stream6_IRQHandler
                0x0000000008002d9c                DMA1_Stream3_IRQHandler
 *fill*         0x0000000008002d9e        0x2 
 .text.HAL_Init
                0x0000000008002da0       0x44 ./Drivers/STM32F4xx_HAL_Driver/Src/stm32f4xx_hal.o
                0x0000000008002da0                HAL_Init
 .text.HAL_IncTick
                0x0000000008002de4       0x28 ./Drivers/STM32F4xx_HAL_Driver/Src/stm32f4xx_hal.o
                0x0000000008002de4                HAL_IncTick
 .text.HAL_GetTick
                0x0000000008002e0c       0x18 ./Drivers/STM32F4xx_HAL_Driver/Src/stm32f4xx_hal.o
                0x0000000008002e0c                HAL_GetTick
 .text.HAL_Delay
                0x0000000008002e24       0x48 ./Drivers/STM32F4xx_HAL_Driver/Src/stm32f4xx_hal.o
                0x0000000008002e24                HAL_Delay
 .text.__NVIC_SetPriorityGrouping
                0x0000000008002e6c       0x48 ./Drivers/STM32F4xx_HAL_Driver/Src/stm32f4xx_hal_cortex.o
 .text.__NVIC_GetPriorityGrouping
                0x0000000008002eb4       0x1c ./Drivers/STM32F4xx_HAL_Driver/Src/stm32f4xx_hal_cortex.o
 .text.__NVIC_EnableIRQ
                0x0000000008002ed0       0x3c ./Drivers/STM32F4xx_HAL_Driver/Src/stm32f4xx_hal_cortex.o
 .text.__NVIC_SetPriority
                0x0000000008002f0c       0x54 ./Drivers/STM32F4xx_HAL_Driver/Src/stm32f4xx_hal_cortex.o
 .text.NVIC_EncodePriority
                0x0000000008002f60       0x66 ./Drivers/STM32F4xx_HAL_Driver/Src/stm32f4xx_hal_cortex.o
 .text.HAL_NVIC_SetPriorityGrouping
                0x0000000008002fc6       0x16 ./Drivers/STM32F4xx_HAL_Driver/Src/stm32f4xx_hal_cortex.o
                0x0000000008002fc6                HAL_NVIC_SetPriorityGrouping
 .text.HAL_NVIC_SetPriority
                0x0000000008002fdc       0x38 ./Drivers/STM32F4xx_HAL_Driver/Src/stm32f4xx_hal_cortex.o
                0x0000000008002fdc                HAL_NVIC_SetPriority
 .text.HAL_NVIC_EnableIRQ
                0x0000000008003014       0x1c ./Drivers/STM32F4xx_HAL_Driver/Src/stm32f4xx_hal_cortex.o
                0x0000000008003014                HAL_NVIC_EnableIRQ
 .text.HAL_GPIO_Init
                0x0000000008003030      0x308 ./Drivers/STM32F4xx_HAL_Driver/Src/stm32f4xx_hal_gpio.o
                0x0000000008003030                HAL_GPIO_Init
 .text.HAL_GPIO_ReadPin
                0x0000000008003338       0x30 ./Drivers/STM32F4xx_HAL_Driver/Src/stm32f4xx_hal_gpio.o
                0x0000000008003338                HAL_GPIO_ReadPin
 .text.HAL_GPIO_WritePin
                0x0000000008003368       0x32 ./Drivers/STM32F4xx_HAL_Driver/Src/stm32f4xx_hal_gpio.o
                0x0000000008003368                HAL_GPIO_WritePin
 .text.HAL_GPIO_TogglePin
                0x000000000800339a       0x34 ./Drivers/STM32F4xx_HAL_Driver/Src/stm32f4xx_hal_gpio.o
                0x000000000800339a                HAL_GPIO_TogglePin
 *fill*         0x00000000080033ce        0x2 
 .text.HAL_RCC_OscConfig
                0x00000000080033d0      0x4f0 ./Drivers/STM32F4xx_HAL_Driver/Src/stm32f4xx_hal_rcc.o
                0x00000000080033d0                HAL_RCC_OscConfig
 .text.HAL_RCC_ClockConfig
                0x00000000080038c0      0x1cc ./Drivers/STM32F4xx_HAL_Driver/Src/stm32f4xx_hal_rcc.o
                0x00000000080038c0                HAL_RCC_ClockConfig
 .text.HAL_RCC_GetSysClockFreq
                0x0000000008003a8c      0x20c ./Drivers/STM32F4xx_HAL_Driver/Src/stm32f4xx_hal_rcc.o
                0x0000000008003a8c                HAL_RCC_GetSysClockFreq
 .text.HAL_RCC_GetHCLKFreq
                0x0000000008003c98       0x18 ./Drivers/STM32F4xx_HAL_Driver/Src/stm32f4xx_hal_rcc.o
                0x0000000008003c98                HAL_RCC_GetHCLKFreq
 .text.HAL_RCC_GetPCLK1Freq
                0x0000000008003cb0       0x28 ./Drivers/STM32F4xx_HAL_Driver/Src/stm32f4xx_hal_rcc.o
                0x0000000008003cb0                HAL_RCC_GetPCLK1Freq
 .text.HAL_RCC_GetPCLK2Freq
                0x0000000008003cd8       0x28 ./Drivers/STM32F4xx_HAL_Driver/Src/stm32f4xx_hal_rcc.o
                0x0000000008003cd8                HAL_RCC_GetPCLK2Freq
 .text.HAL_RCC_GetClockConfig
                0x0000000008003d00       0x64 ./Drivers/STM32F4xx_HAL_Driver/Src/stm32f4xx_hal_rcc.o
                0x0000000008003d00                HAL_RCC_GetClockConfig
 .text.HAL_SPI_Init
                0x0000000008003d64      0x112 ./Drivers/STM32F4xx_HAL_Driver/Src/stm32f4xx_hal_spi.o
                0x0000000008003d64                HAL_SPI_Init
 .text.HAL_SPI_Transmit
                0x0000000008003e76      0x278 ./Drivers/STM32F4xx_HAL_Driver/Src/stm32f4xx_hal_spi.o
                0x0000000008003e76                HAL_SPI_Transmit
 *fill*         0x00000000080040ee        0x2 
 .text.SPI_WaitFlagStateUntilTimeout
                0x00000000080040f0      0x110 ./Drivers/STM32F4xx_HAL_Driver/Src/stm32f4xx_hal_spi.o
 .text.SPI_EndRxTxTransaction
                0x0000000008004200       0x84 ./Drivers/STM32F4xx_HAL_Driver/Src/stm32f4xx_hal_spi.o
 .text.HAL_TIM_Base_Init
                0x0000000008004284       0x9e ./Drivers/STM32F4xx_HAL_Driver/Src/stm32f4xx_hal_tim.o
                0x0000000008004284                HAL_TIM_Base_Init
 *fill*         0x0000000008004322        0x2 
 .text.HAL_TIM_Base_Start_IT
                0x0000000008004324       0xc4 ./Drivers/STM32F4xx_HAL_Driver/Src/stm32f4xx_hal_tim.o
                0x0000000008004324                HAL_TIM_Base_Start_IT
 .text.HAL_TIM_IRQHandler
                0x00000000080043e8      0x210 ./Drivers/STM32F4xx_HAL_Driver/Src/stm32f4xx_hal_tim.o
                0x00000000080043e8                HAL_TIM_IRQHandler
 .text.HAL_TIM_ConfigClockSource
                0x00000000080045f8      0x18e ./Drivers/STM32F4xx_HAL_Driver/Src/stm32f4xx_hal_tim.o
                0x00000000080045f8                HAL_TIM_ConfigClockSource
 .text.HAL_TIM_OC_DelayElapsedCallback
                0x0000000008004786       0x14 ./Drivers/STM32F4xx_HAL_Driver/Src/stm32f4xx_hal_tim.o
                0x0000000008004786                HAL_TIM_OC_DelayElapsedCallback
 .text.HAL_TIM_IC_CaptureCallback
                0x000000000800479a       0x14 ./Drivers/STM32F4xx_HAL_Driver/Src/stm32f4xx_hal_tim.o
                0x000000000800479a                HAL_TIM_IC_CaptureCallback
 .text.HAL_TIM_PWM_PulseFinishedCallback
                0x00000000080047ae       0x14 ./Drivers/STM32F4xx_HAL_Driver/Src/stm32f4xx_hal_tim.o
                0x00000000080047ae                HAL_TIM_PWM_PulseFinishedCallback
 .text.HAL_TIM_TriggerCallback
                0x00000000080047c2       0x14 ./Drivers/STM32F4xx_HAL_Driver/Src/stm32f4xx_hal_tim.o
                0x00000000080047c2                HAL_TIM_TriggerCallback
 *fill*         0x00000000080047d6        0x2 
 .text.TIM_Base_SetConfig
                0x00000000080047d8      0x100 ./Drivers/STM32F4xx_HAL_Driver/Src/stm32f4xx_hal_tim.o
                0x00000000080047d8                TIM_Base_SetConfig
 .text.TIM_TI1_ConfigInputStage
                0x00000000080048d8       0x5e ./Drivers/STM32F4xx_HAL_Driver/Src/stm32f4xx_hal_tim.o
 .text.TIM_TI2_ConfigInputStage
                0x0000000008004936       0x60 ./Drivers/STM32F4xx_HAL_Driver/Src/stm32f4xx_hal_tim.o
 .text.TIM_ITRx_SetConfig
                0x0000000008004996       0x36 ./Drivers/STM32F4xx_HAL_Driver/Src/stm32f4xx_hal_tim.o
 .text.TIM_ETR_SetConfig
                0x00000000080049cc       0x40 ./Drivers/STM32F4xx_HAL_Driver/Src/stm32f4xx_hal_tim.o
                0x00000000080049cc                TIM_ETR_SetConfig
 .text.HAL_TIMEx_MasterConfigSynchronization
                0x0000000008004a0c       0xdc ./Drivers/STM32F4xx_HAL_Driver/Src/stm32f4xx_hal_tim_ex.o
                0x0000000008004a0c                HAL_TIMEx_MasterConfigSynchronization
 .text.HAL_TIMEx_CommutCallback
                0x0000000008004ae8       0x14 ./Drivers/STM32F4xx_HAL_Driver/Src/stm32f4xx_hal_tim_ex.o
                0x0000000008004ae8                HAL_TIMEx_CommutCallback
 .text.HAL_TIMEx_BreakCallback
                0x0000000008004afc       0x14 ./Drivers/STM32F4xx_HAL_Driver/Src/stm32f4xx_hal_tim_ex.o
                0x0000000008004afc                HAL_TIMEx_BreakCallback
 .text.HAL_UART_Init
                0x0000000008004b10       0x9a ./Drivers/STM32F4xx_HAL_Driver/Src/stm32f4xx_hal_uart.o
                0x0000000008004b10                HAL_UART_Init
 *fill*         0x0000000008004baa        0x2 
 .text.UART_SetConfig
                0x0000000008004bac      0x4e8 ./Drivers/STM32F4xx_HAL_Driver/Src/stm32f4xx_hal_uart.o
 .text.__NVIC_SetPriority
                0x0000000008005094       0x54 ./Middlewares/Third_Party/FreeRTOS/Source/CMSIS_RTOS_V2/cmsis_os2.o
 .text.SysTick_Handler
                0x00000000080050e8       0x20 ./Middlewares/Third_Party/FreeRTOS/Source/CMSIS_RTOS_V2/cmsis_os2.o
                0x00000000080050e8                SysTick_Handler
 .text.SVC_Setup
                0x0000000008005108       0x12 ./Middlewares/Third_Party/FreeRTOS/Source/CMSIS_RTOS_V2/cmsis_os2.o
 *fill*         0x000000000800511a        0x2 
 .text.osKernelInitialize
                0x000000000800511c       0x48 ./Middlewares/Third_Party/FreeRTOS/Source/CMSIS_RTOS_V2/cmsis_os2.o
                0x000000000800511c                osKernelInitialize
 .text.osKernelStart
                0x0000000008005164       0x4c ./Middlewares/Third_Party/FreeRTOS/Source/CMSIS_RTOS_V2/cmsis_os2.o
                0x0000000008005164                osKernelStart
 .text.osThreadNew
                0x00000000080051b0      0x124 ./Middlewares/Third_Party/FreeRTOS/Source/CMSIS_RTOS_V2/cmsis_os2.o
                0x00000000080051b0                osThreadNew
 .text.osDelay  0x00000000080052d4       0x36 ./Middlewares/Third_Party/FreeRTOS/Source/CMSIS_RTOS_V2/cmsis_os2.o
                0x00000000080052d4                osDelay
 *fill*         0x000000000800530a        0x2 
 .text.vApplicationGetIdleTaskMemory
                0x000000000800530c       0x34 ./Middlewares/Third_Party/FreeRTOS/Source/CMSIS_RTOS_V2/cmsis_os2.o
                0x000000000800530c                vApplicationGetIdleTaskMemory
 .text.vApplicationGetTimerTaskMemory
                0x0000000008005340       0x34 ./Middlewares/Third_Party/FreeRTOS/Source/CMSIS_RTOS_V2/cmsis_os2.o
                0x0000000008005340                vApplicationGetTimerTaskMemory
 .text.vListInitialise
                0x0000000008005374       0x40 ./Middlewares/Third_Party/FreeRTOS/Source/list.o
                0x0000000008005374                vListInitialise
 .text.vListInitialiseItem
                0x00000000080053b4       0x1a ./Middlewares/Third_Party/FreeRTOS/Source/list.o
                0x00000000080053b4                vListInitialiseItem
 .text.vListInsertEnd
                0x00000000080053ce       0x48 ./Middlewares/Third_Party/FreeRTOS/Source/list.o
                0x00000000080053ce                vListInsertEnd
 .text.vListInsert
                0x0000000008005416       0x72 ./Middlewares/Third_Party/FreeRTOS/Source/list.o
                0x0000000008005416                vListInsert
 .text.uxListRemove
                0x0000000008005488       0x54 ./Middlewares/Third_Party/FreeRTOS/Source/list.o
                0x0000000008005488                uxListRemove
 .text.xQueueGenericReset
                0x00000000080054dc       0xd0 ./Middlewares/Third_Party/FreeRTOS/Source/queue.o
                0x00000000080054dc                xQueueGenericReset
 .text.xQueueGenericCreateStatic
                0x00000000080055ac       0xf0 ./Middlewares/Third_Party/FreeRTOS/Source/queue.o
                0x00000000080055ac                xQueueGenericCreateStatic
 .text.prvInitialiseNewQueue
                0x000000000800569c       0x46 ./Middlewares/Third_Party/FreeRTOS/Source/queue.o
 *fill*         0x00000000080056e2        0x2 
 .text.xQueueGenericSend
                0x00000000080056e4      0x1fc ./Middlewares/Third_Party/FreeRTOS/Source/queue.o
                0x00000000080056e4                xQueueGenericSend
 .text.xQueueGenericSendFromISR
                0x00000000080058e0      0x136 ./Middlewares/Third_Party/FreeRTOS/Source/queue.o
                0x00000000080058e0                xQueueGenericSendFromISR
 *fill*         0x0000000008005a16        0x2 
 .text.xQueueReceive
                0x0000000008005a18      0x1c0 ./Middlewares/Third_Party/FreeRTOS/Source/queue.o
                0x0000000008005a18                xQueueReceive
 .text.prvCopyDataToQueue
                0x0000000008005bd8       0xd4 ./Middlewares/Third_Party/FreeRTOS/Source/queue.o
 .text.prvCopyDataFromQueue
                0x0000000008005cac       0x4c ./Middlewares/Third_Party/FreeRTOS/Source/queue.o
 .text.prvUnlockQueue
                0x0000000008005cf8       0xa4 ./Middlewares/Third_Party/FreeRTOS/Source/queue.o
 .text.prvIsQueueEmpty
                0x0000000008005d9c       0x2c ./Middlewares/Third_Party/FreeRTOS/Source/queue.o
 .text.prvIsQueueFull
                0x0000000008005dc8       0x30 ./Middlewares/Third_Party/FreeRTOS/Source/queue.o
 .text.vQueueAddToRegistry
                0x0000000008005df8       0x54 ./Middlewares/Third_Party/FreeRTOS/Source/queue.o
                0x0000000008005df8                vQueueAddToRegistry
 .text.vQueueWaitForMessageRestricted
                0x0000000008005e4c       0x68 ./Middlewares/Third_Party/FreeRTOS/Source/queue.o
                0x0000000008005e4c                vQueueWaitForMessageRestricted
 .text.xTaskCreateStatic
                0x0000000008005eb4       0xba ./Middlewares/Third_Party/FreeRTOS/Source/tasks.o
                0x0000000008005eb4                xTaskCreateStatic
 .text.xTaskCreate
                0x0000000008005f6e       0x8a ./Middlewares/Third_Party/FreeRTOS/Source/tasks.o
                0x0000000008005f6e                xTaskCreate
 .text.prvInitialiseNewTask
                0x0000000008005ff8      0x14c ./Middlewares/Third_Party/FreeRTOS/Source/tasks.o
 .text.prvAddNewTaskToReadyList
                0x0000000008006144       0xe0 ./Middlewares/Third_Party/FreeRTOS/Source/tasks.o
 .text.vTaskDelay
                0x0000000008006224       0x68 ./Middlewares/Third_Party/FreeRTOS/Source/tasks.o
                0x0000000008006224                vTaskDelay
 .text.vTaskStartScheduler
                0x000000000800628c       0xe0 ./Middlewares/Third_Party/FreeRTOS/Source/tasks.o
                0x000000000800628c                vTaskStartScheduler
 .text.vTaskSuspendAll
                0x000000000800636c       0x1c ./Middlewares/Third_Party/FreeRTOS/Source/tasks.o
                0x000000000800636c                vTaskSuspendAll
 .text.xTaskResumeAll
                0x0000000008006388      0x13c ./Middlewares/Third_Party/FreeRTOS/Source/tasks.o
                0x0000000008006388                xTaskResumeAll
 .text.xTaskGetTickCount
                0x00000000080064c4       0x20 ./Middlewares/Third_Party/FreeRTOS/Source/tasks.o
                0x00000000080064c4                xTaskGetTickCount
 .text.xTaskIncrementTick
                0x00000000080064e4      0x174 ./Middlewares/Third_Party/FreeRTOS/Source/tasks.o
                0x00000000080064e4                xTaskIncrementTick
 .text.vTaskSwitchContext
                0x0000000008006658       0xc8 ./Middlewares/Third_Party/FreeRTOS/Source/tasks.o
                0x0000000008006658                vTaskSwitchContext
 .text.vTaskPlaceOnEventList
                0x0000000008006720       0x48 ./Middlewares/Third_Party/FreeRTOS/Source/tasks.o
                0x0000000008006720                vTaskPlaceOnEventList
 .text.vTaskPlaceOnEventListRestricted
                0x0000000008006768       0x58 ./Middlewares/Third_Party/FreeRTOS/Source/tasks.o
                0x0000000008006768                vTaskPlaceOnEventListRestricted
 .text.xTaskRemoveFromEventList
                0x00000000080067c0       0xc8 ./Middlewares/Third_Party/FreeRTOS/Source/tasks.o
                0x00000000080067c0                xTaskRemoveFromEventList
 .text.vTaskInternalSetTimeOutState
                0x0000000008006888       0x2c ./Middlewares/Third_Party/FreeRTOS/Source/tasks.o
                0x0000000008006888                vTaskInternalSetTimeOutState
 .text.xTaskCheckForTimeOut
                0x00000000080068b4       0xc4 ./Middlewares/Third_Party/FreeRTOS/Source/tasks.o
                0x00000000080068b4                xTaskCheckForTimeOut
 .text.vTaskMissedYield
                0x0000000008006978       0x18 ./Middlewares/Third_Party/FreeRTOS/Source/tasks.o
                0x0000000008006978                vTaskMissedYield
 .text.prvIdleTask
                0x0000000008006990       0x30 ./Middlewares/Third_Party/FreeRTOS/Source/tasks.o
 .text.prvInitialiseTaskLists
                0x00000000080069c0       0x80 ./Middlewares/Third_Party/FreeRTOS/Source/tasks.o
 .text.prvCheckTasksWaitingTermination
                0x0000000008006a40       0x5c ./Middlewares/Third_Party/FreeRTOS/Source/tasks.o
 .text.prvDeleteTCB
                0x0000000008006a9c       0x68 ./Middlewares/Third_Party/FreeRTOS/Source/tasks.o
 .text.prvResetNextTaskUnblockTime
                0x0000000008006b04       0x40 ./Middlewares/Third_Party/FreeRTOS/Source/tasks.o
 .text.xTaskGetSchedulerState
                0x0000000008006b44       0x3c ./Middlewares/Third_Party/FreeRTOS/Source/tasks.o
                0x0000000008006b44                xTaskGetSchedulerState
 .text.xTaskPriorityDisinherit
                0x0000000008006b80       0xdc ./Middlewares/Third_Party/FreeRTOS/Source/tasks.o
                0x0000000008006b80                xTaskPriorityDisinherit
 .text.prvAddCurrentTaskToDelayedList
                0x0000000008006c5c       0xa8 ./Middlewares/Third_Party/FreeRTOS/Source/tasks.o
 .text.xTimerCreateTimerTask
                0x0000000008006d04       0x90 ./Middlewares/Third_Party/FreeRTOS/Source/timers.o
                0x0000000008006d04                xTimerCreateTimerTask
 .text.xTimerGenericCommand
                0x0000000008006d94       0x9c ./Middlewares/Third_Party/FreeRTOS/Source/timers.o
                0x0000000008006d94                xTimerGenericCommand
 .text.prvProcessExpiredTimer
                0x0000000008006e30       0x98 ./Middlewares/Third_Party/FreeRTOS/Source/timers.o
 .text.prvTimerTask
                0x0000000008006ec8       0x24 ./Middlewares/Third_Party/FreeRTOS/Source/timers.o
 .text.prvProcessTimerOrBlockTask
                0x0000000008006eec       0x9c ./Middlewares/Third_Party/FreeRTOS/Source/timers.o
 .text.prvGetNextExpireTime
                0x0000000008006f88       0x48 ./Middlewares/Third_Party/FreeRTOS/Source/timers.o
 .text.prvSampleTimeNow
                0x0000000008006fd0       0x40 ./Middlewares/Third_Party/FreeRTOS/Source/timers.o
 .text.prvInsertTimerInActiveList
                0x0000000008007010       0x84 ./Middlewares/Third_Party/FreeRTOS/Source/timers.o
 .text.prvProcessReceivedCommands
                0x0000000008007094      0x1c4 ./Middlewares/Third_Party/FreeRTOS/Source/timers.o
 .text.prvSwitchTimerLists
                0x0000000008007258       0xc8 ./Middlewares/Third_Party/FreeRTOS/Source/timers.o
 .text.prvCheckForValidListAndQueue
                0x0000000008007320       0x80 ./Middlewares/Third_Party/FreeRTOS/Source/timers.o
 .text.pxPortInitialiseStack
                0x00000000080073a0       0x68 ./Middlewares/Third_Party/FreeRTOS/Source/portable/GCC/ARM_CM4F/port.o
                0x00000000080073a0                pxPortInitialiseStack
 .text.prvTaskExitError
                0x0000000008007408       0x58 ./Middlewares/Third_Party/FreeRTOS/Source/portable/GCC/ARM_CM4F/port.o
 .text.SVC_Handler
                0x0000000008007460       0x28 ./Middlewares/Third_Party/FreeRTOS/Source/portable/GCC/ARM_CM4F/port.o
                0x0000000008007460                SVC_Handler
 .text.prvPortStartFirstTask
                0x0000000008007488       0x28 ./Middlewares/Third_Party/FreeRTOS/Source/portable/GCC/ARM_CM4F/port.o
 .text.xPortStartScheduler
                0x00000000080074b0      0x144 ./Middlewares/Third_Party/FreeRTOS/Source/portable/GCC/ARM_CM4F/port.o
                0x00000000080074b0                xPortStartScheduler
 .text.vPortEnterCritical
                0x00000000080075f4       0x60 ./Middlewares/Third_Party/FreeRTOS/Source/portable/GCC/ARM_CM4F/port.o
                0x00000000080075f4                vPortEnterCritical
 .text.vPortExitCritical
                0x0000000008007654       0x54 ./Middlewares/Third_Party/FreeRTOS/Source/portable/GCC/ARM_CM4F/port.o
                0x0000000008007654                vPortExitCritical
 *fill*         0x00000000080076a8        0x8 
 .text.PendSV_Handler
                0x00000000080076b0       0x68 ./Middlewares/Third_Party/FreeRTOS/Source/portable/GCC/ARM_CM4F/port.o
                0x00000000080076b0                PendSV_Handler
 .text.xPortSysTickHandler
                0x0000000008007718       0x44 ./Middlewares/Third_Party/FreeRTOS/Source/portable/GCC/ARM_CM4F/port.o
                0x0000000008007718                xPortSysTickHandler
 .text.vPortSetupTimerInterrupt
                0x000000000800775c       0x48 ./Middlewares/Third_Party/FreeRTOS/Source/portable/GCC/ARM_CM4F/port.o
                0x000000000800775c                vPortSetupTimerInterrupt
 .text.vPortEnableVFP
                0x00000000080077a4       0x14 ./Middlewares/Third_Party/FreeRTOS/Source/portable/GCC/ARM_CM4F/port.o
 .text.vPortValidateInterruptPriority
                0x00000000080077b8       0x80 ./Middlewares/Third_Party/FreeRTOS/Source/portable/GCC/ARM_CM4F/port.o
                0x00000000080077b8                vPortValidateInterruptPriority
 .text.pvPortMalloc
                0x0000000008007838      0x198 ./Middlewares/Third_Party/FreeRTOS/Source/portable/MemMang/heap_4.o
                0x0000000008007838                pvPortMalloc
 .text.vPortFree
                0x00000000080079d0       0xc4 ./Middlewares/Third_Party/FreeRTOS/Source/portable/MemMang/heap_4.o
                0x00000000080079d0                vPortFree
 .text.prvHeapInit
                0x0000000008007a94       0xc4 ./Middlewares/Third_Party/FreeRTOS/Source/portable/MemMang/heap_4.o
 .text.prvInsertBlockIntoFreeList
                0x0000000008007b58       0xb4 ./Middlewares/Third_Party/FreeRTOS/Source/portable/MemMang/heap_4.o
 .text.memset   0x0000000008007c0c       0x10 D:/Cloud/STM32CubeIDE/STM32CubeIDE_1.13.2/STM32CubeIDE/plugins/com.st.stm32cube.ide.mcu.externaltools.gnu-tools-for-stm32.11.3.rel1.win32_1.1.1.202309131626/tools/bin/../lib/gcc/arm-none-eabi/11.3.1/../../../../arm-none-eabi/lib/thumb/v7e-m+fp/hard\libc_nano.a(libc_a-memset.o)
                0x0000000008007c0c                memset
 .text._reclaim_reent
                0x0000000008007c1c       0xac D:/Cloud/STM32CubeIDE/STM32CubeIDE_1.13.2/STM32CubeIDE/plugins/com.st.stm32cube.ide.mcu.externaltools.gnu-tools-for-stm32.11.3.rel1.win32_1.1.1.202309131626/tools/bin/../lib/gcc/arm-none-eabi/11.3.1/../../../../arm-none-eabi/lib/thumb/v7e-m+fp/hard\libc_nano.a(libc_a-reent.o)
                0x0000000008007c1c                _reclaim_reent
 .text.__libc_init_array
                0x0000000008007cc8       0x48 D:/Cloud/STM32CubeIDE/STM32CubeIDE_1.13.2/STM32CubeIDE/plugins/com.st.stm32cube.ide.mcu.externaltools.gnu-tools-for-stm32.11.3.rel1.win32_1.1.1.202309131626/tools/bin/../lib/gcc/arm-none-eabi/11.3.1/../../../../arm-none-eabi/lib/thumb/v7e-m+fp/hard\libc_nano.a(libc_a-init.o)
                0x0000000008007cc8                __libc_init_array
 .text.__retarget_lock_acquire_recursive
                0x0000000008007d10        0x2 D:/Cloud/STM32CubeIDE/STM32CubeIDE_1.13.2/STM32CubeIDE/plugins/com.st.stm32cube.ide.mcu.externaltools.gnu-tools-for-stm32.11.3.rel1.win32_1.1.1.202309131626/tools/bin/../lib/gcc/arm-none-eabi/11.3.1/../../../../arm-none-eabi/lib/thumb/v7e-m+fp/hard\libc_nano.a(libc_a-lock.o)
                0x0000000008007d10                __retarget_lock_acquire_recursive
 .text.__retarget_lock_release_recursive
                0x0000000008007d12        0x2 D:/Cloud/STM32CubeIDE/STM32CubeIDE_1.13.2/STM32CubeIDE/plugins/com.st.stm32cube.ide.mcu.externaltools.gnu-tools-for-stm32.11.3.rel1.win32_1.1.1.202309131626/tools/bin/../lib/gcc/arm-none-eabi/11.3.1/../../../../arm-none-eabi/lib/thumb/v7e-m+fp/hard\libc_nano.a(libc_a-lock.o)
                0x0000000008007d12                __retarget_lock_release_recursive
 .text.memcpy   0x0000000008007d14       0x1c D:/Cloud/STM32CubeIDE/STM32CubeIDE_1.13.2/STM32CubeIDE/plugins/com.st.stm32cube.ide.mcu.externaltools.gnu-tools-for-stm32.11.3.rel1.win32_1.1.1.202309131626/tools/bin/../lib/gcc/arm-none-eabi/11.3.1/../../../../arm-none-eabi/lib/thumb/v7e-m+fp/hard\libc_nano.a(libc_a-memcpy-stub.o)
                0x0000000008007d14                memcpy
 .text._free_r  0x0000000008007d30       0x98 D:/Cloud/STM32CubeIDE/STM32CubeIDE_1.13.2/STM32CubeIDE/plugins/com.st.stm32cube.ide.mcu.externaltools.gnu-tools-for-stm32.11.3.rel1.win32_1.1.1.202309131626/tools/bin/../lib/gcc/arm-none-eabi/11.3.1/../../../../arm-none-eabi/lib/thumb/v7e-m+fp/hard\libc_nano.a(libc_a-freer.o)
                0x0000000008007d30                _free_r
 .text.__malloc_lock
                0x0000000008007dc8        0xc D:/Cloud/STM32CubeIDE/STM32CubeIDE_1.13.2/STM32CubeIDE/plugins/com.st.stm32cube.ide.mcu.externaltools.gnu-tools-for-stm32.11.3.rel1.win32_1.1.1.202309131626/tools/bin/../lib/gcc/arm-none-eabi/11.3.1/../../../../arm-none-eabi/lib/thumb/v7e-m+fp/hard\libc_nano.a(libc_a-mlock.o)
                0x0000000008007dc8                __malloc_lock
 .text.__malloc_unlock
                0x0000000008007dd4        0xc D:/Cloud/STM32CubeIDE/STM32CubeIDE_1.13.2/STM32CubeIDE/plugins/com.st.stm32cube.ide.mcu.externaltools.gnu-tools-for-stm32.11.3.rel1.win32_1.1.1.202309131626/tools/bin/../lib/gcc/arm-none-eabi/11.3.1/../../../../arm-none-eabi/lib/thumb/v7e-m+fp/hard\libc_nano.a(libc_a-mlock.o)
                0x0000000008007dd4                __malloc_unlock
 *(.glue_7)
 .glue_7        0x0000000008007de0        0x0 linker stubs
 *(.glue_7t)
 .glue_7t       0x0000000008007de0        0x0 linker stubs
 *(.eh_frame)
 .eh_frame      0x0000000008007de0        0x0 D:/Cloud/STM32CubeIDE/STM32CubeIDE_1.13.2/STM32CubeIDE/plugins/com.st.stm32cube.ide.mcu.externaltools.gnu-tools-for-stm32.11.3.rel1.win32_1.1.1.202309131626/tools/bin/../lib/gcc/arm-none-eabi/11.3.1/thumb/v7e-m+fp/hard/crtbegin.o
 *(.init)
 .init          0x0000000008007de0        0x4 D:/Cloud/STM32CubeIDE/STM32CubeIDE_1.13.2/STM32CubeIDE/plugins/com.st.stm32cube.ide.mcu.externaltools.gnu-tools-for-stm32.11.3.rel1.win32_1.1.1.202309131626/tools/bin/../lib/gcc/arm-none-eabi/11.3.1/thumb/v7e-m+fp/hard/crti.o
                0x0000000008007de0                _init
 .init          0x0000000008007de4        0x8 D:/Cloud/STM32CubeIDE/STM32CubeIDE_1.13.2/STM32CubeIDE/plugins/com.st.stm32cube.ide.mcu.externaltools.gnu-tools-for-stm32.11.3.rel1.win32_1.1.1.202309131626/tools/bin/../lib/gcc/arm-none-eabi/11.3.1/thumb/v7e-m+fp/hard/crtn.o
 *(.fini)
 .fini          0x0000000008007dec        0x4 D:/Cloud/STM32CubeIDE/STM32CubeIDE_1.13.2/STM32CubeIDE/plugins/com.st.stm32cube.ide.mcu.externaltools.gnu-tools-for-stm32.11.3.rel1.win32_1.1.1.202309131626/tools/bin/../lib/gcc/arm-none-eabi/11.3.1/thumb/v7e-m+fp/hard/crti.o
                0x0000000008007dec                _fini
 .fini          0x0000000008007df0        0x8 D:/Cloud/STM32CubeIDE/STM32CubeIDE_1.13.2/STM32CubeIDE/plugins/com.st.stm32cube.ide.mcu.externaltools.gnu-tools-for-stm32.11.3.rel1.win32_1.1.1.202309131626/tools/bin/../lib/gcc/arm-none-eabi/11.3.1/thumb/v7e-m+fp/hard/crtn.o
                0x0000000008007df8                . = ALIGN (0x4)
                0x0000000008007df8                _etext = .

.vfp11_veneer   0x0000000008007df8        0x0
 .vfp11_veneer  0x0000000008007df8        0x0 linker stubs

.v4_bx          0x0000000008007df8        0x0
 .v4_bx         0x0000000008007df8        0x0 linker stubs

.iplt           0x0000000008007df8        0x0
 .iplt          0x0000000008007df8        0x0 D:/Cloud/STM32CubeIDE/STM32CubeIDE_1.13.2/STM32CubeIDE/plugins/com.st.stm32cube.ide.mcu.externaltools.gnu-tools-for-stm32.11.3.rel1.win32_1.1.1.202309131626/tools/bin/../lib/gcc/arm-none-eabi/11.3.1/thumb/v7e-m+fp/hard/crtbegin.o

.rodata         0x0000000008007df8     0xaac0
                0x0000000008007df8                . = ALIGN (0x4)
 *(.rodata)
 .rodata        0x0000000008007df8      0x12d ./Core/Src/freertos.o
 *fill*         0x0000000008007f25        0x3 
 .rodata        0x0000000008007f28        0x5 ./Middlewares/Third_Party/FreeRTOS/Source/tasks.o
 *fill*         0x0000000008007f2d        0x3 
 .rodata        0x0000000008007f30        0xd ./Middlewares/Third_Party/FreeRTOS/Source/timers.o
 *(.rodata*)
 *fill*         0x0000000008007f3d        0x3 
 .rodata._KEYPAD_COLUMN_GPIO_PIN
                0x0000000008007f40        0x8 ./Core/Src/KeyPad.o
                0x0000000008007f40                _KEYPAD_COLUMN_GPIO_PIN
 .rodata._KEYPAD_ROW_GPIO_PIN
                0x0000000008007f48        0x8 ./Core/Src/KeyPad.o
                0x0000000008007f48                _KEYPAD_ROW_GPIO_PIN
 .rodata.gImage_firstscreen
                0x0000000008007f50     0xa008 ./Core/Src/freertos.o
                0x0000000008007f50                gImage_firstscreen
 .rodata.gImage_internet_connected
                0x0000000008011f58      0x1ca ./Core/Src/freertos.o
                0x0000000008011f58                gImage_internet_connected
 *fill*         0x0000000008012122        0x2 
 .rodata.gImage_internet_error
                0x0000000008012124      0x1ca ./Core/Src/freertos.o
                0x0000000008012124                gImage_internet_error
 *fill*         0x00000000080122ee        0x2 
 .rodata.GUI_RENDER_attributes
                0x00000000080122f0       0x24 ./Core/Src/freertos.o
                0x00000000080122f0                GUI_RENDER_attributes
 .rodata.Buzzer_attributes
                0x0000000008012314       0x24 ./Core/Src/freertos.o
                0x0000000008012314                Buzzer_attributes
 .rodata.alarmlight_attributes
                0x0000000008012338       0x24 ./Core/Src/freertos.o
                0x0000000008012338                alarmlight_attributes
 .rodata.wifi_attributes
                0x000000000801235c       0x24 ./Core/Src/freertos.o
                0x000000000801235c                wifi_attributes
 .rodata.emergencystop_attributes
                0x0000000008012380       0x24 ./Core/Src/freertos.o
                0x0000000008012380                emergencystop_attributes
 .rodata.Font   0x00000000080123a4      0x4fb ./Core/Src/st7735.o
 *fill*         0x000000000801289f        0x1 
 .rodata.AHBPrescTable
                0x00000000080128a0       0x10 ./Core/Src/system_stm32f4xx.o
                0x00000000080128a0                AHBPrescTable
 .rodata.APBPrescTable
                0x00000000080128b0        0x8 ./Core/Src/system_stm32f4xx.o
                0x00000000080128b0                APBPrescTable
                0x00000000080128b8                . = ALIGN (0x4)

.ARM.extab      0x00000000080128b8        0x0
                0x00000000080128b8                . = ALIGN (0x4)
 *(.ARM.extab* .gnu.linkonce.armextab.*)
                0x00000000080128b8                . = ALIGN (0x4)

.ARM            0x00000000080128b8        0x8
                0x00000000080128b8                . = ALIGN (0x4)
                0x00000000080128b8                __exidx_start = .
 *(.ARM.exidx*)
 .ARM.exidx     0x00000000080128b8        0x8 D:/Cloud/STM32CubeIDE/STM32CubeIDE_1.13.2/STM32CubeIDE/plugins/com.st.stm32cube.ide.mcu.externaltools.gnu-tools-for-stm32.11.3.rel1.win32_1.1.1.202309131626/tools/bin/../lib/gcc/arm-none-eabi/11.3.1/thumb/v7e-m+fp/hard\libgcc.a(_udivmoddi4.o)
                0x00000000080128c0                __exidx_end = .
                0x00000000080128c0                . = ALIGN (0x4)

.rel.dyn        0x00000000080128c0        0x0
 .rel.iplt      0x00000000080128c0        0x0 D:/Cloud/STM32CubeIDE/STM32CubeIDE_1.13.2/STM32CubeIDE/plugins/com.st.stm32cube.ide.mcu.externaltools.gnu-tools-for-stm32.11.3.rel1.win32_1.1.1.202309131626/tools/bin/../lib/gcc/arm-none-eabi/11.3.1/thumb/v7e-m+fp/hard/crtbegin.o

.preinit_array  0x00000000080128c0        0x0
                0x00000000080128c0                . = ALIGN (0x4)
                0x00000000080128c0                PROVIDE (__preinit_array_start = .)
 *(.preinit_array*)
                0x00000000080128c0                PROVIDE (__preinit_array_end = .)
                0x00000000080128c0                . = ALIGN (0x4)

.init_array     0x00000000080128c0        0x4
                0x00000000080128c0                . = ALIGN (0x4)
                0x00000000080128c0                PROVIDE (__init_array_start = .)
 *(SORT_BY_NAME(.init_array.*))
 *(.init_array*)
 .init_array    0x00000000080128c0        0x4 D:/Cloud/STM32CubeIDE/STM32CubeIDE_1.13.2/STM32CubeIDE/plugins/com.st.stm32cube.ide.mcu.externaltools.gnu-tools-for-stm32.11.3.rel1.win32_1.1.1.202309131626/tools/bin/../lib/gcc/arm-none-eabi/11.3.1/thumb/v7e-m+fp/hard/crtbegin.o
                0x00000000080128c4                PROVIDE (__init_array_end = .)
                0x00000000080128c4                . = ALIGN (0x4)

.fini_array     0x00000000080128c4        0x4
                0x00000000080128c4                . = ALIGN (0x4)
                [!provide]                        PROVIDE (__fini_array_start = .)
 *(SORT_BY_NAME(.fini_array.*))
 *(.fini_array*)
 .fini_array    0x00000000080128c4        0x4 D:/Cloud/STM32CubeIDE/STM32CubeIDE_1.13.2/STM32CubeIDE/plugins/com.st.stm32cube.ide.mcu.externaltools.gnu-tools-for-stm32.11.3.rel1.win32_1.1.1.202309131626/tools/bin/../lib/gcc/arm-none-eabi/11.3.1/thumb/v7e-m+fp/hard/crtbegin.o
                [!provide]                        PROVIDE (__fini_array_end = .)
                0x00000000080128c8                . = ALIGN (0x4)
                0x00000000080128c8                _sidata = LOADADDR (.data)

.data           0x0000000020000000       0x84 load address 0x00000000080128c8
                0x0000000020000000                . = ALIGN (0x4)
                0x0000000020000000                _sdata = .
 *(.data)
 *(.data*)
 .data._KEYPAD_COLUMN_GPIO_PORT
                0x0000000020000000       0x10 ./Core/Src/KeyPad.o
                0x0000000020000000                _KEYPAD_COLUMN_GPIO_PORT
 .data._KEYPAD_ROW_GPIO_PORT
                0x0000000020000010       0x10 ./Core/Src/KeyPad.o
                0x0000000020000010                _KEYPAD_ROW_GPIO_PORT
 .data.digit_1  0x0000000020000020        0x1 ./Core/Src/freertos.o
                0x0000000020000020                digit_1
 .data.digit_2  0x0000000020000021        0x1 ./Core/Src/freertos.o
                0x0000000020000021                digit_2
 *fill*         0x0000000020000022        0x2 
 .data.SystemCoreClock
                0x0000000020000024        0x4 ./Core/Src/system_stm32f4xx.o
                0x0000000020000024                SystemCoreClock
 .data.uwTickPrio
                0x0000000020000028        0x4 ./Drivers/STM32F4xx_HAL_Driver/Src/stm32f4xx_hal.o
                0x0000000020000028                uwTickPrio
 .data.uwTickFreq
                0x000000002000002c        0x1 ./Drivers/STM32F4xx_HAL_Driver/Src/stm32f4xx_hal.o
                0x000000002000002c                uwTickFreq
 *fill*         0x000000002000002d        0x3 
 .data.uxCriticalNesting
                0x0000000020000030        0x4 ./Middlewares/Third_Party/FreeRTOS/Source/portable/GCC/ARM_CM4F/port.o
 .data._impure_data
                0x0000000020000034       0x4c D:/Cloud/STM32CubeIDE/STM32CubeIDE_1.13.2/STM32CubeIDE/plugins/com.st.stm32cube.ide.mcu.externaltools.gnu-tools-for-stm32.11.3.rel1.win32_1.1.1.202309131626/tools/bin/../lib/gcc/arm-none-eabi/11.3.1/../../../../arm-none-eabi/lib/thumb/v7e-m+fp/hard\libc_nano.a(libc_a-impure.o)
                0x0000000020000034                _impure_data
 .data._impure_ptr
                0x0000000020000080        0x4 D:/Cloud/STM32CubeIDE/STM32CubeIDE_1.13.2/STM32CubeIDE/plugins/com.st.stm32cube.ide.mcu.externaltools.gnu-tools-for-stm32.11.3.rel1.win32_1.1.1.202309131626/tools/bin/../lib/gcc/arm-none-eabi/11.3.1/../../../../arm-none-eabi/lib/thumb/v7e-m+fp/hard\libc_nano.a(libc_a-impure.o)
                0x0000000020000080                _impure_ptr
 *(.RamFunc)
 *(.RamFunc*)
                0x0000000020000084                . = ALIGN (0x4)
                0x0000000020000084                _edata = .

.igot.plt       0x0000000020000084        0x0 load address 0x000000000801294c
 .igot.plt      0x0000000020000084        0x0 D:/Cloud/STM32CubeIDE/STM32CubeIDE_1.13.2/STM32CubeIDE/plugins/com.st.stm32cube.ide.mcu.externaltools.gnu-tools-for-stm32.11.3.rel1.win32_1.1.1.202309131626/tools/bin/../lib/gcc/arm-none-eabi/11.3.1/thumb/v7e-m+fp/hard/crtbegin.o
                0x0000000020000084                . = ALIGN (0x4)

.bss            0x0000000020000084     0x4cbc load address 0x000000000801294c
                0x0000000020000084                _sbss = .
                0x0000000020000084                __bss_start__ = _sbss
 *(.bss)
 .bss           0x0000000020000084       0x1c D:/Cloud/STM32CubeIDE/STM32CubeIDE_1.13.2/STM32CubeIDE/plugins/com.st.stm32cube.ide.mcu.externaltools.gnu-tools-for-stm32.11.3.rel1.win32_1.1.1.202309131626/tools/bin/../lib/gcc/arm-none-eabi/11.3.1/thumb/v7e-m+fp/hard/crtbegin.o
 *(.bss*)
 .bss.KeyPad    0x00000000200000a0        0x4 ./Core/Src/KeyPad.o
                0x00000000200000a0                KeyPad
 .bss.GUI_RENDERHandle
                0x00000000200000a4        0x4 ./Core/Src/freertos.o
                0x00000000200000a4                GUI_RENDERHandle
 .bss.BuzzerHandle
                0x00000000200000a8        0x4 ./Core/Src/freertos.o
                0x00000000200000a8                BuzzerHandle
 .bss.alarmlightHandle
                0x00000000200000ac        0x4 ./Core/Src/freertos.o
                0x00000000200000ac                alarmlightHandle
 .bss.wifiHandle
                0x00000000200000b0        0x4 ./Core/Src/freertos.o
                0x00000000200000b0                wifiHandle
 .bss.emergencystopHandle
                0x00000000200000b4        0x4 ./Core/Src/freertos.o
                0x00000000200000b4                emergencystopHandle
 .bss.orange_light
                0x00000000200000b8        0x4 ./Core/Src/freertos.o
                0x00000000200000b8                orange_light
 .bss.buzzer_on
                0x00000000200000bc        0x4 ./Core/Src/freertos.o
                0x00000000200000bc                buzzer_on
 .bss.icon_internet
                0x00000000200000c0        0x4 ./Core/Src/freertos.o
                0x00000000200000c0                icon_internet
 .bss.prev_internet
                0x00000000200000c4        0x4 ./Core/Src/freertos.o
                0x00000000200000c4                prev_internet
 .bss.message   0x00000000200000c8        0x4 ./Core/Src/freertos.o
                0x00000000200000c8                message
 .bss.prevMessageBox
                0x00000000200000cc        0x4 ./Core/Src/freertos.o
                0x00000000200000cc                prevMessageBox
 .bss.screen_number
                0x00000000200000d0        0x4 ./Core/Src/freertos.o
                0x00000000200000d0                screen_number
 .bss.screen_2_input_done
                0x00000000200000d4        0x4 ./Core/Src/freertos.o
                0x00000000200000d4                screen_2_input_done
 .bss.injecting
                0x00000000200000d8        0x4 ./Core/Src/freertos.o
                0x00000000200000d8                injecting
 .bss.speed     0x00000000200000dc        0x4 ./Core/Src/freertos.o
                0x00000000200000dc                speed
 .bss.finish_inject
                0x00000000200000e0        0x4 ./Core/Src/freertos.o
                0x00000000200000e0                finish_inject
 .bss.emergency
                0x00000000200000e4        0x4 ./Core/Src/freertos.o
                0x00000000200000e4                emergency
 .bss.hspi1     0x00000000200000e8       0x58 ./Core/Src/spi.o
                0x00000000200000e8                hspi1
 .bss.htim2     0x0000000020000140       0x48 ./Core/Src/stm32f4xx_hal_timebase_tim.o
                0x0000000020000140                htim2
 .bss.htim3     0x0000000020000188       0x48 ./Core/Src/tim.o
                0x0000000020000188                htim3
 .bss.huart2    0x00000000200001d0       0x44 ./Core/Src/usart.o
                0x00000000200001d0                huart2
 .bss.uwTick    0x0000000020000214        0x4 ./Drivers/STM32F4xx_HAL_Driver/Src/stm32f4xx_hal.o
                0x0000000020000214                uwTick
 .bss.KernelState
                0x0000000020000218        0x4 ./Middlewares/Third_Party/FreeRTOS/Source/CMSIS_RTOS_V2/cmsis_os2.o
 .bss.Idle_TCB.3
                0x000000002000021c       0xa8 ./Middlewares/Third_Party/FreeRTOS/Source/CMSIS_RTOS_V2/cmsis_os2.o
 .bss.Idle_Stack.2
                0x00000000200002c4      0x200 ./Middlewares/Third_Party/FreeRTOS/Source/CMSIS_RTOS_V2/cmsis_os2.o
 .bss.Timer_TCB.1
                0x00000000200004c4       0xa8 ./Middlewares/Third_Party/FreeRTOS/Source/CMSIS_RTOS_V2/cmsis_os2.o
 .bss.Timer_Stack.0
                0x000000002000056c      0x400 ./Middlewares/Third_Party/FreeRTOS/Source/CMSIS_RTOS_V2/cmsis_os2.o
 .bss.xQueueRegistry
                0x000000002000096c       0x40 ./Middlewares/Third_Party/FreeRTOS/Source/queue.o
                0x000000002000096c                xQueueRegistry
 .bss.pxCurrentTCB
                0x00000000200009ac        0x4 ./Middlewares/Third_Party/FreeRTOS/Source/tasks.o
                0x00000000200009ac                pxCurrentTCB
 .bss.pxReadyTasksLists
                0x00000000200009b0      0x460 ./Middlewares/Third_Party/FreeRTOS/Source/tasks.o
 .bss.xDelayedTaskList1
                0x0000000020000e10       0x14 ./Middlewares/Third_Party/FreeRTOS/Source/tasks.o
 .bss.xDelayedTaskList2
                0x0000000020000e24       0x14 ./Middlewares/Third_Party/FreeRTOS/Source/tasks.o
 .bss.pxDelayedTaskList
                0x0000000020000e38        0x4 ./Middlewares/Third_Party/FreeRTOS/Source/tasks.o
 .bss.pxOverflowDelayedTaskList
                0x0000000020000e3c        0x4 ./Middlewares/Third_Party/FreeRTOS/Source/tasks.o
 .bss.xPendingReadyList
                0x0000000020000e40       0x14 ./Middlewares/Third_Party/FreeRTOS/Source/tasks.o
 .bss.xTasksWaitingTermination
                0x0000000020000e54       0x14 ./Middlewares/Third_Party/FreeRTOS/Source/tasks.o
 .bss.uxDeletedTasksWaitingCleanUp
                0x0000000020000e68        0x4 ./Middlewares/Third_Party/FreeRTOS/Source/tasks.o
 .bss.xSuspendedTaskList
                0x0000000020000e6c       0x14 ./Middlewares/Third_Party/FreeRTOS/Source/tasks.o
 .bss.uxCurrentNumberOfTasks
                0x0000000020000e80        0x4 ./Middlewares/Third_Party/FreeRTOS/Source/tasks.o
 .bss.xTickCount
                0x0000000020000e84        0x4 ./Middlewares/Third_Party/FreeRTOS/Source/tasks.o
 .bss.uxTopReadyPriority
                0x0000000020000e88        0x4 ./Middlewares/Third_Party/FreeRTOS/Source/tasks.o
 .bss.xSchedulerRunning
                0x0000000020000e8c        0x4 ./Middlewares/Third_Party/FreeRTOS/Source/tasks.o
 .bss.xPendedTicks
                0x0000000020000e90        0x4 ./Middlewares/Third_Party/FreeRTOS/Source/tasks.o
 .bss.xYieldPending
                0x0000000020000e94        0x4 ./Middlewares/Third_Party/FreeRTOS/Source/tasks.o
 .bss.xNumOfOverflows
                0x0000000020000e98        0x4 ./Middlewares/Third_Party/FreeRTOS/Source/tasks.o
 .bss.uxTaskNumber
                0x0000000020000e9c        0x4 ./Middlewares/Third_Party/FreeRTOS/Source/tasks.o
 .bss.xNextTaskUnblockTime
                0x0000000020000ea0        0x4 ./Middlewares/Third_Party/FreeRTOS/Source/tasks.o
 .bss.xIdleTaskHandle
                0x0000000020000ea4        0x4 ./Middlewares/Third_Party/FreeRTOS/Source/tasks.o
 .bss.uxSchedulerSuspended
                0x0000000020000ea8        0x4 ./Middlewares/Third_Party/FreeRTOS/Source/tasks.o
 .bss.xActiveTimerList1
                0x0000000020000eac       0x14 ./Middlewares/Third_Party/FreeRTOS/Source/timers.o
 .bss.xActiveTimerList2
                0x0000000020000ec0       0x14 ./Middlewares/Third_Party/FreeRTOS/Source/timers.o
 .bss.pxCurrentTimerList
                0x0000000020000ed4        0x4 ./Middlewares/Third_Party/FreeRTOS/Source/timers.o
 .bss.pxOverflowTimerList
                0x0000000020000ed8        0x4 ./Middlewares/Third_Party/FreeRTOS/Source/timers.o
 .bss.xTimerQueue
                0x0000000020000edc        0x4 ./Middlewares/Third_Party/FreeRTOS/Source/timers.o
 .bss.xTimerTaskHandle
                0x0000000020000ee0        0x4 ./Middlewares/Third_Party/FreeRTOS/Source/timers.o
 .bss.xLastTime.2
                0x0000000020000ee4        0x4 ./Middlewares/Third_Party/FreeRTOS/Source/timers.o
 .bss.ucStaticTimerQueueStorage.1
                0x0000000020000ee8       0xa0 ./Middlewares/Third_Party/FreeRTOS/Source/timers.o
 .bss.xStaticTimerQueue.0
                0x0000000020000f88       0x50 ./Middlewares/Third_Party/FreeRTOS/Source/timers.o
 .bss.ucMaxSysCallPriority
                0x0000000020000fd8        0x1 ./Middlewares/Third_Party/FreeRTOS/Source/portable/GCC/ARM_CM4F/port.o
 *fill*         0x0000000020000fd9        0x3 
 .bss.ulMaxPRIGROUPValue
                0x0000000020000fdc        0x4 ./Middlewares/Third_Party/FreeRTOS/Source/portable/GCC/ARM_CM4F/port.o
 .bss.ucHeap    0x0000000020000fe0     0x3c00 ./Middlewares/Third_Party/FreeRTOS/Source/portable/MemMang/heap_4.o
 .bss.xStart    0x0000000020004be0        0x8 ./Middlewares/Third_Party/FreeRTOS/Source/portable/MemMang/heap_4.o
 .bss.pxEnd     0x0000000020004be8        0x4 ./Middlewares/Third_Party/FreeRTOS/Source/portable/MemMang/heap_4.o
 .bss.xFreeBytesRemaining
                0x0000000020004bec        0x4 ./Middlewares/Third_Party/FreeRTOS/Source/portable/MemMang/heap_4.o
 .bss.xMinimumEverFreeBytesRemaining
                0x0000000020004bf0        0x4 ./Middlewares/Third_Party/FreeRTOS/Source/portable/MemMang/heap_4.o
 .bss.xNumberOfSuccessfulAllocations
                0x0000000020004bf4        0x4 ./Middlewares/Third_Party/FreeRTOS/Source/portable/MemMang/heap_4.o
 .bss.xNumberOfSuccessfulFrees
                0x0000000020004bf8        0x4 ./Middlewares/Third_Party/FreeRTOS/Source/portable/MemMang/heap_4.o
 .bss.xBlockAllocatedBit
                0x0000000020004bfc        0x4 ./Middlewares/Third_Party/FreeRTOS/Source/portable/MemMang/heap_4.o
 .bss.__sf      0x0000000020004c00      0x138 D:/Cloud/STM32CubeIDE/STM32CubeIDE_1.13.2/STM32CubeIDE/plugins/com.st.stm32cube.ide.mcu.externaltools.gnu-tools-for-stm32.11.3.rel1.win32_1.1.1.202309131626/tools/bin/../lib/gcc/arm-none-eabi/11.3.1/../../../../arm-none-eabi/lib/thumb/v7e-m+fp/hard\libc_nano.a(libc_a-findfp.o)
                0x0000000020004c00                __sf
 .bss.__lock___malloc_recursive_mutex
                0x0000000020004d38        0x1 D:/Cloud/STM32CubeIDE/STM32CubeIDE_1.13.2/STM32CubeIDE/plugins/com.st.stm32cube.ide.mcu.externaltools.gnu-tools-for-stm32.11.3.rel1.win32_1.1.1.202309131626/tools/bin/../lib/gcc/arm-none-eabi/11.3.1/../../../../arm-none-eabi/lib/thumb/v7e-m+fp/hard\libc_nano.a(libc_a-lock.o)
                0x0000000020004d38                __lock___malloc_recursive_mutex
 *fill*         0x0000000020004d39        0x3 
 .bss.__malloc_free_list
                0x0000000020004d3c        0x4 D:/Cloud/STM32CubeIDE/STM32CubeIDE_1.13.2/STM32CubeIDE/plugins/com.st.stm32cube.ide.mcu.externaltools.gnu-tools-for-stm32.11.3.rel1.win32_1.1.1.202309131626/tools/bin/../lib/gcc/arm-none-eabi/11.3.1/../../../../arm-none-eabi/lib/thumb/v7e-m+fp/hard\libc_nano.a(libc_a-mallocr.o)
                0x0000000020004d3c                __malloc_free_list
 *(COMMON)
                0x0000000020004d40                . = ALIGN (0x4)
                0x0000000020004d40                _ebss = .
                0x0000000020004d40                __bss_end__ = _ebss

._user_heap_stack
                0x0000000020004d40      0x600 load address 0x000000000801294c
                0x0000000020004d40                . = ALIGN (0x8)
                [!provide]                        PROVIDE (end = .)
                0x0000000020004d40                PROVIDE (_end = .)
                0x0000000020004f40                . = (. + _Min_Heap_Size)
 *fill*         0x0000000020004d40      0x200 
                0x0000000020005340                . = (. + _Min_Stack_Size)
 *fill*         0x0000000020004f40      0x400 
                0x0000000020005340                . = ALIGN (0x8)

/DISCARD/
 libc.a(*)
 libm.a(*)
 libgcc.a(*)

.ARM.attributes
                0x0000000000000000       0x30
 *(.ARM.attributes)
 .ARM.attributes
                0x0000000000000000       0x1e D:/Cloud/STM32CubeIDE/STM32CubeIDE_1.13.2/STM32CubeIDE/plugins/com.st.stm32cube.ide.mcu.externaltools.gnu-tools-for-stm32.11.3.rel1.win32_1.1.1.202309131626/tools/bin/../lib/gcc/arm-none-eabi/11.3.1/thumb/v7e-m+fp/hard/crti.o
 .ARM.attributes
                0x000000000000001e       0x34 D:/Cloud/STM32CubeIDE/STM32CubeIDE_1.13.2/STM32CubeIDE/plugins/com.st.stm32cube.ide.mcu.externaltools.gnu-tools-for-stm32.11.3.rel1.win32_1.1.1.202309131626/tools/bin/../lib/gcc/arm-none-eabi/11.3.1/thumb/v7e-m+fp/hard/crtbegin.o
 .ARM.attributes
                0x0000000000000052       0x34 ./Core/Src/KeyPad.o
 .ARM.attributes
                0x0000000000000086       0x34 ./Core/Src/freertos.o
 .ARM.attributes
                0x00000000000000ba       0x34 ./Core/Src/gpio.o
 .ARM.attributes
                0x00000000000000ee       0x34 ./Core/Src/main.o
 .ARM.attributes
                0x0000000000000122       0x34 ./Core/Src/spi.o
 .ARM.attributes
                0x0000000000000156       0x34 ./Core/Src/st7735.o
 .ARM.attributes
                0x000000000000018a       0x34 ./Core/Src/stm32f4xx_hal_msp.o
 .ARM.attributes
                0x00000000000001be       0x34 ./Core/Src/stm32f4xx_hal_timebase_tim.o
 .ARM.attributes
                0x00000000000001f2       0x34 ./Core/Src/stm32f4xx_it.o
 .ARM.attributes
                0x0000000000000226       0x34 ./Core/Src/system_stm32f4xx.o
 .ARM.attributes
                0x000000000000025a       0x34 ./Core/Src/tim.o
 .ARM.attributes
                0x000000000000028e       0x34 ./Core/Src/usart.o
 .ARM.attributes
                0x00000000000002c2       0x21 ./Core/Startup/startup_stm32f401retx.o
 .ARM.attributes
                0x00000000000002e3       0x34 ./Drivers/STM32F4xx_HAL_Driver/Src/stm32f4xx_hal.o
 .ARM.attributes
                0x0000000000000317       0x34 ./Drivers/STM32F4xx_HAL_Driver/Src/stm32f4xx_hal_cortex.o
 .ARM.attributes
                0x000000000000034b       0x34 ./Drivers/STM32F4xx_HAL_Driver/Src/stm32f4xx_hal_gpio.o
 .ARM.attributes
                0x000000000000037f       0x34 ./Drivers/STM32F4xx_HAL_Driver/Src/stm32f4xx_hal_rcc.o
 .ARM.attributes
                0x00000000000003b3       0x34 ./Drivers/STM32F4xx_HAL_Driver/Src/stm32f4xx_hal_spi.o
 .ARM.attributes
                0x00000000000003e7       0x34 ./Drivers/STM32F4xx_HAL_Driver/Src/stm32f4xx_hal_tim.o
 .ARM.attributes
                0x000000000000041b       0x34 ./Drivers/STM32F4xx_HAL_Driver/Src/stm32f4xx_hal_tim_ex.o
 .ARM.attributes
                0x000000000000044f       0x34 ./Drivers/STM32F4xx_HAL_Driver/Src/stm32f4xx_hal_uart.o
 .ARM.attributes
                0x0000000000000483       0x34 ./Middlewares/Third_Party/FreeRTOS/Source/CMSIS_RTOS_V2/cmsis_os2.o
 .ARM.attributes
                0x00000000000004b7       0x34 ./Middlewares/Third_Party/FreeRTOS/Source/list.o
 .ARM.attributes
                0x00000000000004eb       0x34 ./Middlewares/Third_Party/FreeRTOS/Source/queue.o
 .ARM.attributes
                0x000000000000051f       0x34 ./Middlewares/Third_Party/FreeRTOS/Source/tasks.o
 .ARM.attributes
                0x0000000000000553       0x34 ./Middlewares/Third_Party/FreeRTOS/Source/timers.o
 .ARM.attributes
                0x0000000000000587       0x34 ./Middlewares/Third_Party/FreeRTOS/Source/portable/GCC/ARM_CM4F/port.o
 .ARM.attributes
                0x00000000000005bb       0x34 ./Middlewares/Third_Party/FreeRTOS/Source/portable/MemMang/heap_4.o
 .ARM.attributes
                0x00000000000005ef       0x34 D:/Cloud/STM32CubeIDE/STM32CubeIDE_1.13.2/STM32CubeIDE/plugins/com.st.stm32cube.ide.mcu.externaltools.gnu-tools-for-stm32.11.3.rel1.win32_1.1.1.202309131626/tools/bin/../lib/gcc/arm-none-eabi/11.3.1/../../../../arm-none-eabi/lib/thumb/v7e-m+fp/hard\libc_nano.a(libc_a-findfp.o)
 .ARM.attributes
                0x0000000000000623       0x34 D:/Cloud/STM32CubeIDE/STM32CubeIDE_1.13.2/STM32CubeIDE/plugins/com.st.stm32cube.ide.mcu.externaltools.gnu-tools-for-stm32.11.3.rel1.win32_1.1.1.202309131626/tools/bin/../lib/gcc/arm-none-eabi/11.3.1/../../../../arm-none-eabi/lib/thumb/v7e-m+fp/hard\libc_nano.a(libc_a-memset.o)
 .ARM.attributes
                0x0000000000000657       0x34 D:/Cloud/STM32CubeIDE/STM32CubeIDE_1.13.2/STM32CubeIDE/plugins/com.st.stm32cube.ide.mcu.externaltools.gnu-tools-for-stm32.11.3.rel1.win32_1.1.1.202309131626/tools/bin/../lib/gcc/arm-none-eabi/11.3.1/../../../../arm-none-eabi/lib/thumb/v7e-m+fp/hard\libc_nano.a(libc_a-reent.o)
 .ARM.attributes
                0x000000000000068b       0x34 D:/Cloud/STM32CubeIDE/STM32CubeIDE_1.13.2/STM32CubeIDE/plugins/com.st.stm32cube.ide.mcu.externaltools.gnu-tools-for-stm32.11.3.rel1.win32_1.1.1.202309131626/tools/bin/../lib/gcc/arm-none-eabi/11.3.1/../../../../arm-none-eabi/lib/thumb/v7e-m+fp/hard\libc_nano.a(libc_a-impure.o)
 .ARM.attributes
                0x00000000000006bf       0x34 D:/Cloud/STM32CubeIDE/STM32CubeIDE_1.13.2/STM32CubeIDE/plugins/com.st.stm32cube.ide.mcu.externaltools.gnu-tools-for-stm32.11.3.rel1.win32_1.1.1.202309131626/tools/bin/../lib/gcc/arm-none-eabi/11.3.1/../../../../arm-none-eabi/lib/thumb/v7e-m+fp/hard\libc_nano.a(libc_a-init.o)
 .ARM.attributes
                0x00000000000006f3       0x34 D:/Cloud/STM32CubeIDE/STM32CubeIDE_1.13.2/STM32CubeIDE/plugins/com.st.stm32cube.ide.mcu.externaltools.gnu-tools-for-stm32.11.3.rel1.win32_1.1.1.202309131626/tools/bin/../lib/gcc/arm-none-eabi/11.3.1/../../../../arm-none-eabi/lib/thumb/v7e-m+fp/hard\libc_nano.a(libc_a-lock.o)
 .ARM.attributes
                0x0000000000000727       0x34 D:/Cloud/STM32CubeIDE/STM32CubeIDE_1.13.2/STM32CubeIDE/plugins/com.st.stm32cube.ide.mcu.externaltools.gnu-tools-for-stm32.11.3.rel1.win32_1.1.1.202309131626/tools/bin/../lib/gcc/arm-none-eabi/11.3.1/../../../../arm-none-eabi/lib/thumb/v7e-m+fp/hard\libc_nano.a(libc_a-memcpy-stub.o)
 .ARM.attributes
                0x000000000000075b       0x34 D:/Cloud/STM32CubeIDE/STM32CubeIDE_1.13.2/STM32CubeIDE/plugins/com.st.stm32cube.ide.mcu.externaltools.gnu-tools-for-stm32.11.3.rel1.win32_1.1.1.202309131626/tools/bin/../lib/gcc/arm-none-eabi/11.3.1/../../../../arm-none-eabi/lib/thumb/v7e-m+fp/hard\libc_nano.a(libc_a-freer.o)
 .ARM.attributes
                0x000000000000078f       0x34 D:/Cloud/STM32CubeIDE/STM32CubeIDE_1.13.2/STM32CubeIDE/plugins/com.st.stm32cube.ide.mcu.externaltools.gnu-tools-for-stm32.11.3.rel1.win32_1.1.1.202309131626/tools/bin/../lib/gcc/arm-none-eabi/11.3.1/../../../../arm-none-eabi/lib/thumb/v7e-m+fp/hard\libc_nano.a(libc_a-mallocr.o)
 .ARM.attributes
                0x00000000000007c3       0x34 D:/Cloud/STM32CubeIDE/STM32CubeIDE_1.13.2/STM32CubeIDE/plugins/com.st.stm32cube.ide.mcu.externaltools.gnu-tools-for-stm32.11.3.rel1.win32_1.1.1.202309131626/tools/bin/../lib/gcc/arm-none-eabi/11.3.1/../../../../arm-none-eabi/lib/thumb/v7e-m+fp/hard\libc_nano.a(libc_a-mlock.o)
 .ARM.attributes
                0x00000000000007f7       0x1e D:/Cloud/STM32CubeIDE/STM32CubeIDE_1.13.2/STM32CubeIDE/plugins/com.st.stm32cube.ide.mcu.externaltools.gnu-tools-for-stm32.11.3.rel1.win32_1.1.1.202309131626/tools/bin/../lib/gcc/arm-none-eabi/11.3.1/thumb/v7e-m+fp/hard\libgcc.a(_arm_addsubdf3.o)
 .ARM.attributes
                0x0000000000000815       0x1e D:/Cloud/STM32CubeIDE/STM32CubeIDE_1.13.2/STM32CubeIDE/plugins/com.st.stm32cube.ide.mcu.externaltools.gnu-tools-for-stm32.11.3.rel1.win32_1.1.1.202309131626/tools/bin/../lib/gcc/arm-none-eabi/11.3.1/thumb/v7e-m+fp/hard\libgcc.a(_arm_muldivdf3.o)
 .ARM.attributes
                0x0000000000000833       0x1e D:/Cloud/STM32CubeIDE/STM32CubeIDE_1.13.2/STM32CubeIDE/plugins/com.st.stm32cube.ide.mcu.externaltools.gnu-tools-for-stm32.11.3.rel1.win32_1.1.1.202309131626/tools/bin/../lib/gcc/arm-none-eabi/11.3.1/thumb/v7e-m+fp/hard\libgcc.a(_arm_fixdfsi.o)
 .ARM.attributes
                0x0000000000000851       0x1e D:/Cloud/STM32CubeIDE/STM32CubeIDE_1.13.2/STM32CubeIDE/plugins/com.st.stm32cube.ide.mcu.externaltools.gnu-tools-for-stm32.11.3.rel1.win32_1.1.1.202309131626/tools/bin/../lib/gcc/arm-none-eabi/11.3.1/thumb/v7e-m+fp/hard\libgcc.a(_aeabi_uldivmod.o)
 .ARM.attributes
                0x000000000000086f       0x34 D:/Cloud/STM32CubeIDE/STM32CubeIDE_1.13.2/STM32CubeIDE/plugins/com.st.stm32cube.ide.mcu.externaltools.gnu-tools-for-stm32.11.3.rel1.win32_1.1.1.202309131626/tools/bin/../lib/gcc/arm-none-eabi/11.3.1/thumb/v7e-m+fp/hard\libgcc.a(_udivmoddi4.o)
 .ARM.attributes
                0x00000000000008a3       0x1e D:/Cloud/STM32CubeIDE/STM32CubeIDE_1.13.2/STM32CubeIDE/plugins/com.st.stm32cube.ide.mcu.externaltools.gnu-tools-for-stm32.11.3.rel1.win32_1.1.1.202309131626/tools/bin/../lib/gcc/arm-none-eabi/11.3.1/thumb/v7e-m+fp/hard\libgcc.a(_dvmd_tls.o)
 .ARM.attributes
                0x00000000000008c1       0x1e D:/Cloud/STM32CubeIDE/STM32CubeIDE_1.13.2/STM32CubeIDE/plugins/com.st.stm32cube.ide.mcu.externaltools.gnu-tools-for-stm32.11.3.rel1.win32_1.1.1.202309131626/tools/bin/../lib/gcc/arm-none-eabi/11.3.1/thumb/v7e-m+fp/hard/crtn.o
OUTPUT(GUI Render.elf elf32-littlearm)
LOAD linker stubs
LOAD D:/Cloud/STM32CubeIDE/STM32CubeIDE_1.13.2/STM32CubeIDE/plugins/com.st.stm32cube.ide.mcu.externaltools.gnu-tools-for-stm32.11.3.rel1.win32_1.1.1.202309131626/tools/bin/../lib/gcc/arm-none-eabi/11.3.1/../../../../arm-none-eabi/lib/thumb/v7e-m+fp/hard\libc.a
LOAD D:/Cloud/STM32CubeIDE/STM32CubeIDE_1.13.2/STM32CubeIDE/plugins/com.st.stm32cube.ide.mcu.externaltools.gnu-tools-for-stm32.11.3.rel1.win32_1.1.1.202309131626/tools/bin/../lib/gcc/arm-none-eabi/11.3.1/../../../../arm-none-eabi/lib/thumb/v7e-m+fp/hard\libm.a
LOAD D:/Cloud/STM32CubeIDE/STM32CubeIDE_1.13.2/STM32CubeIDE/plugins/com.st.stm32cube.ide.mcu.externaltools.gnu-tools-for-stm32.11.3.rel1.win32_1.1.1.202309131626/tools/bin/../lib/gcc/arm-none-eabi/11.3.1/thumb/v7e-m+fp/hard\libgcc.a

.comment        0x0000000000000000       0x43
 .comment       0x0000000000000000       0x43 D:/Cloud/STM32CubeIDE/STM32CubeIDE_1.13.2/STM32CubeIDE/plugins/com.st.stm32cube.ide.mcu.externaltools.gnu-tools-for-stm32.11.3.rel1.win32_1.1.1.202309131626/tools/bin/../lib/gcc/arm-none-eabi/11.3.1/thumb/v7e-m+fp/hard/crtbegin.o
                                         0x44 (size before relaxing)
 .comment       0x0000000000000043       0x44 ./Core/Src/KeyPad.o
 .comment       0x0000000000000043       0x44 ./Core/Src/freertos.o
 .comment       0x0000000000000043       0x44 ./Core/Src/gpio.o
 .comment       0x0000000000000043       0x44 ./Core/Src/main.o
 .comment       0x0000000000000043       0x44 ./Core/Src/spi.o
 .comment       0x0000000000000043       0x44 ./Core/Src/st7735.o
 .comment       0x0000000000000043       0x44 ./Core/Src/stm32f4xx_hal_msp.o
 .comment       0x0000000000000043       0x44 ./Core/Src/stm32f4xx_hal_timebase_tim.o
 .comment       0x0000000000000043       0x44 ./Core/Src/stm32f4xx_it.o
 .comment       0x0000000000000043       0x44 ./Core/Src/system_stm32f4xx.o
 .comment       0x0000000000000043       0x44 ./Core/Src/tim.o
 .comment       0x0000000000000043       0x44 ./Core/Src/usart.o
 .comment       0x0000000000000043       0x44 ./Drivers/STM32F4xx_HAL_Driver/Src/stm32f4xx_hal.o
 .comment       0x0000000000000043       0x44 ./Drivers/STM32F4xx_HAL_Driver/Src/stm32f4xx_hal_cortex.o
 .comment       0x0000000000000043       0x44 ./Drivers/STM32F4xx_HAL_Driver/Src/stm32f4xx_hal_gpio.o
 .comment       0x0000000000000043       0x44 ./Drivers/STM32F4xx_HAL_Driver/Src/stm32f4xx_hal_rcc.o
 .comment       0x0000000000000043       0x44 ./Drivers/STM32F4xx_HAL_Driver/Src/stm32f4xx_hal_spi.o
 .comment       0x0000000000000043       0x44 ./Drivers/STM32F4xx_HAL_Driver/Src/stm32f4xx_hal_tim.o
 .comment       0x0000000000000043       0x44 ./Drivers/STM32F4xx_HAL_Driver/Src/stm32f4xx_hal_tim_ex.o
 .comment       0x0000000000000043       0x44 ./Drivers/STM32F4xx_HAL_Driver/Src/stm32f4xx_hal_uart.o
 .comment       0x0000000000000043       0x44 ./Middlewares/Third_Party/FreeRTOS/Source/CMSIS_RTOS_V2/cmsis_os2.o
 .comment       0x0000000000000043       0x44 ./Middlewares/Third_Party/FreeRTOS/Source/list.o
 .comment       0x0000000000000043       0x44 ./Middlewares/Third_Party/FreeRTOS/Source/queue.o
 .comment       0x0000000000000043       0x44 ./Middlewares/Third_Party/FreeRTOS/Source/tasks.o
 .comment       0x0000000000000043       0x44 ./Middlewares/Third_Party/FreeRTOS/Source/timers.o
 .comment       0x0000000000000043       0x44 ./Middlewares/Third_Party/FreeRTOS/Source/portable/GCC/ARM_CM4F/port.o
 .comment       0x0000000000000043       0x44 ./Middlewares/Third_Party/FreeRTOS/Source/portable/MemMang/heap_4.o

.debug_info     0x0000000000000000    0x1b953
 .debug_info    0x0000000000000000      0x497 ./Core/Src/KeyPad.o
 .debug_info    0x0000000000000497      0xa8f ./Core/Src/freertos.o
 .debug_info    0x0000000000000f26      0x44f ./Core/Src/gpio.o
 .debug_info    0x0000000000001375      0xb5b ./Core/Src/main.o
 .debug_info    0x0000000000001ed0      0x976 ./Core/Src/spi.o
 .debug_info    0x0000000000002846      0xd02 ./Core/Src/st7735.o
 .debug_info    0x0000000000003548      0x449 ./Core/Src/stm32f4xx_hal_msp.o
 .debug_info    0x0000000000003991      0xb7d ./Core/Src/stm32f4xx_hal_timebase_tim.o
 .debug_info    0x000000000000450e      0x6a4 ./Core/Src/stm32f4xx_it.o
 .debug_info    0x0000000000004bb2      0x53e ./Core/Src/system_stm32f4xx.o
 .debug_info    0x00000000000050f0      0x9af ./Core/Src/tim.o
 .debug_info    0x0000000000005a9f      0x930 ./Core/Src/usart.o
 .debug_info    0x00000000000063cf       0x23 ./Core/Startup/startup_stm32f401retx.o
 .debug_info    0x00000000000063f2      0x8bb ./Drivers/STM32F4xx_HAL_Driver/Src/stm32f4xx_hal.o
 .debug_info    0x0000000000006cad      0xcb0 ./Drivers/STM32F4xx_HAL_Driver/Src/stm32f4xx_hal_cortex.o
 .debug_info    0x000000000000795d      0x6f9 ./Drivers/STM32F4xx_HAL_Driver/Src/stm32f4xx_hal_gpio.o
 .debug_info    0x0000000000008056      0x8f3 ./Drivers/STM32F4xx_HAL_Driver/Src/stm32f4xx_hal_rcc.o
 .debug_info    0x0000000000008949     0x1606 ./Drivers/STM32F4xx_HAL_Driver/Src/stm32f4xx_hal_spi.o
 .debug_info    0x0000000000009f4f     0x2941 ./Drivers/STM32F4xx_HAL_Driver/Src/stm32f4xx_hal_tim.o
 .debug_info    0x000000000000c890     0x14a7 ./Drivers/STM32F4xx_HAL_Driver/Src/stm32f4xx_hal_tim_ex.o
 .debug_info    0x000000000000dd37     0x2fbf ./Drivers/STM32F4xx_HAL_Driver/Src/stm32f4xx_hal_uart.o
 .debug_info    0x0000000000010cf6     0x4073 ./Middlewares/Third_Party/FreeRTOS/Source/CMSIS_RTOS_V2/cmsis_os2.o
 .debug_info    0x0000000000014d69      0x2af ./Middlewares/Third_Party/FreeRTOS/Source/list.o
 .debug_info    0x0000000000015018     0x1b79 ./Middlewares/Third_Party/FreeRTOS/Source/queue.o
 .debug_info    0x0000000000016b91     0x28c0 ./Middlewares/Third_Party/FreeRTOS/Source/tasks.o
 .debug_info    0x0000000000019451     0x1b4f ./Middlewares/Third_Party/FreeRTOS/Source/timers.o
 .debug_info    0x000000000001afa0      0x4de ./Middlewares/Third_Party/FreeRTOS/Source/portable/GCC/ARM_CM4F/port.o
 .debug_info    0x000000000001b47e      0x4d5 ./Middlewares/Third_Party/FreeRTOS/Source/portable/MemMang/heap_4.o

.debug_abbrev   0x0000000000000000     0x40c4
 .debug_abbrev  0x0000000000000000      0x1fe ./Core/Src/KeyPad.o
 .debug_abbrev  0x00000000000001fe      0x25c ./Core/Src/freertos.o
 .debug_abbrev  0x000000000000045a      0x151 ./Core/Src/gpio.o
 .debug_abbrev  0x00000000000005ab      0x246 ./Core/Src/main.o
 .debug_abbrev  0x00000000000007f1      0x1f1 ./Core/Src/spi.o
 .debug_abbrev  0x00000000000009e2      0x2b0 ./Core/Src/st7735.o
 .debug_abbrev  0x0000000000000c92      0x119 ./Core/Src/stm32f4xx_hal_msp.o
 .debug_abbrev  0x0000000000000dab      0x207 ./Core/Src/stm32f4xx_hal_timebase_tim.o
 .debug_abbrev  0x0000000000000fb2      0x190 ./Core/Src/stm32f4xx_it.o
 .debug_abbrev  0x0000000000001142      0x11a ./Core/Src/system_stm32f4xx.o
 .debug_abbrev  0x000000000000125c      0x1e4 ./Core/Src/tim.o
 .debug_abbrev  0x0000000000001440      0x1f8 ./Core/Src/usart.o
 .debug_abbrev  0x0000000000001638       0x12 ./Core/Startup/startup_stm32f401retx.o
 .debug_abbrev  0x000000000000164a      0x24b ./Drivers/STM32F4xx_HAL_Driver/Src/stm32f4xx_hal.o
 .debug_abbrev  0x0000000000001895      0x327 ./Drivers/STM32F4xx_HAL_Driver/Src/stm32f4xx_hal_cortex.o
 .debug_abbrev  0x0000000000001bbc      0x1d3 ./Drivers/STM32F4xx_HAL_Driver/Src/stm32f4xx_hal_gpio.o
 .debug_abbrev  0x0000000000001d8f      0x2b5 ./Drivers/STM32F4xx_HAL_Driver/Src/stm32f4xx_hal_rcc.o
 .debug_abbrev  0x0000000000002044      0x280 ./Drivers/STM32F4xx_HAL_Driver/Src/stm32f4xx_hal_spi.o
 .debug_abbrev  0x00000000000022c4      0x284 ./Drivers/STM32F4xx_HAL_Driver/Src/stm32f4xx_hal_tim.o
 .debug_abbrev  0x0000000000002548      0x28f ./Drivers/STM32F4xx_HAL_Driver/Src/stm32f4xx_hal_tim_ex.o
 .debug_abbrev  0x00000000000027d7      0x31b ./Drivers/STM32F4xx_HAL_Driver/Src/stm32f4xx_hal_uart.o
 .debug_abbrev  0x0000000000002af2      0x548 ./Middlewares/Third_Party/FreeRTOS/Source/CMSIS_RTOS_V2/cmsis_os2.o
 .debug_abbrev  0x000000000000303a       0xf5 ./Middlewares/Third_Party/FreeRTOS/Source/list.o
 .debug_abbrev  0x000000000000312f      0x3b6 ./Middlewares/Third_Party/FreeRTOS/Source/queue.o
 .debug_abbrev  0x00000000000034e5      0x3fe ./Middlewares/Third_Party/FreeRTOS/Source/tasks.o
 .debug_abbrev  0x00000000000038e3      0x368 ./Middlewares/Third_Party/FreeRTOS/Source/timers.o
 .debug_abbrev  0x0000000000003c4b      0x25c ./Middlewares/Third_Party/FreeRTOS/Source/portable/GCC/ARM_CM4F/port.o
 .debug_abbrev  0x0000000000003ea7      0x21d ./Middlewares/Third_Party/FreeRTOS/Source/portable/MemMang/heap_4.o

.debug_aranges  0x0000000000000000     0x1770
 .debug_aranges
                0x0000000000000000       0x38 ./Core/Src/KeyPad.o
 .debug_aranges
                0x0000000000000038       0xa0 ./Core/Src/freertos.o
 .debug_aranges
                0x00000000000000d8       0x20 ./Core/Src/gpio.o
 .debug_aranges
                0x00000000000000f8       0x38 ./Core/Src/main.o
 .debug_aranges
                0x0000000000000130       0x30 ./Core/Src/spi.o
 .debug_aranges
                0x0000000000000160       0xb8 ./Core/Src/st7735.o
 .debug_aranges
                0x0000000000000218       0x20 ./Core/Src/stm32f4xx_hal_msp.o
 .debug_aranges
                0x0000000000000238       0x30 ./Core/Src/stm32f4xx_hal_timebase_tim.o
 .debug_aranges
                0x0000000000000268       0x50 ./Core/Src/stm32f4xx_it.o
 .debug_aranges
                0x00000000000002b8       0x28 ./Core/Src/system_stm32f4xx.o
 .debug_aranges
                0x00000000000002e0       0x30 ./Core/Src/tim.o
 .debug_aranges
                0x0000000000000310       0x30 ./Core/Src/usart.o
 .debug_aranges
                0x0000000000000340       0x28 ./Core/Startup/startup_stm32f401retx.o
 .debug_aranges
                0x0000000000000368       0xf0 ./Drivers/STM32F4xx_HAL_Driver/Src/stm32f4xx_hal.o
 .debug_aranges
                0x0000000000000458      0x118 ./Drivers/STM32F4xx_HAL_Driver/Src/stm32f4xx_hal_cortex.o
 .debug_aranges
                0x0000000000000570       0x58 ./Drivers/STM32F4xx_HAL_Driver/Src/stm32f4xx_hal_gpio.o
 .debug_aranges
                0x00000000000005c8       0x88 ./Drivers/STM32F4xx_HAL_Driver/Src/stm32f4xx_hal_rcc.o
 .debug_aranges
                0x0000000000000650      0x1d0 ./Drivers/STM32F4xx_HAL_Driver/Src/stm32f4xx_hal_spi.o
 .debug_aranges
                0x0000000000000820      0x3d0 ./Drivers/STM32F4xx_HAL_Driver/Src/stm32f4xx_hal_tim.o
 .debug_aranges
                0x0000000000000bf0      0x168 ./Drivers/STM32F4xx_HAL_Driver/Src/stm32f4xx_hal_tim_ex.o
 .debug_aranges
                0x0000000000000d58      0x200 ./Drivers/STM32F4xx_HAL_Driver/Src/stm32f4xx_hal_uart.o
 .debug_aranges
                0x0000000000000f58      0x2b0 ./Middlewares/Third_Party/FreeRTOS/Source/CMSIS_RTOS_V2/cmsis_os2.o
 .debug_aranges
                0x0000000000001208       0x40 ./Middlewares/Third_Party/FreeRTOS/Source/list.o
 .debug_aranges
                0x0000000000001248      0x158 ./Middlewares/Third_Party/FreeRTOS/Source/queue.o
 .debug_aranges
                0x00000000000013a0      0x208 ./Middlewares/Third_Party/FreeRTOS/Source/tasks.o
 .debug_aranges
                0x00000000000015a8       0xf0 ./Middlewares/Third_Party/FreeRTOS/Source/timers.o
 .debug_aranges
                0x0000000000001698       0x80 ./Middlewares/Third_Party/FreeRTOS/Source/portable/GCC/ARM_CM4F/port.o
 .debug_aranges
                0x0000000000001718       0x58 ./Middlewares/Third_Party/FreeRTOS/Source/portable/MemMang/heap_4.o

.debug_rnglists
                0x0000000000000000     0x122d
 .debug_rnglists
                0x0000000000000000       0x28 ./Core/Src/KeyPad.o
 .debug_rnglists
                0x0000000000000028       0x7c ./Core/Src/freertos.o
 .debug_rnglists
                0x00000000000000a4       0x14 ./Core/Src/gpio.o
 .debug_rnglists
                0x00000000000000b8       0x26 ./Core/Src/main.o
 .debug_rnglists
                0x00000000000000de       0x20 ./Core/Src/spi.o
 .debug_rnglists
                0x00000000000000fe       0x8f ./Core/Src/st7735.o
 .debug_rnglists
                0x000000000000018d       0x13 ./Core/Src/stm32f4xx_hal_msp.o
 .debug_rnglists
                0x00000000000001a0       0x20 ./Core/Src/stm32f4xx_hal_timebase_tim.o
 .debug_rnglists
                0x00000000000001c0       0x37 ./Core/Src/stm32f4xx_it.o
 .debug_rnglists
                0x00000000000001f7       0x1a ./Core/Src/system_stm32f4xx.o
 .debug_rnglists
                0x0000000000000211       0x20 ./Core/Src/tim.o
 .debug_rnglists
                0x0000000000000231       0x20 ./Core/Src/usart.o
 .debug_rnglists
                0x0000000000000251       0x19 ./Core/Startup/startup_stm32f401retx.o
 .debug_rnglists
                0x000000000000026a       0xaf ./Drivers/STM32F4xx_HAL_Driver/Src/stm32f4xx_hal.o
 .debug_rnglists
                0x0000000000000319       0xce ./Drivers/STM32F4xx_HAL_Driver/Src/stm32f4xx_hal_cortex.o
 .debug_rnglists
                0x00000000000003e7       0x3f ./Drivers/STM32F4xx_HAL_Driver/Src/stm32f4xx_hal_gpio.o
 .debug_rnglists
                0x0000000000000426       0x66 ./Drivers/STM32F4xx_HAL_Driver/Src/stm32f4xx_hal_rcc.o
 .debug_rnglists
                0x000000000000048c      0x16f ./Drivers/STM32F4xx_HAL_Driver/Src/stm32f4xx_hal_spi.o
 .debug_rnglists