../Core/Src/st7735.c:10:13:ST7735_SetAddressWindow	24	static
../Core/Src/st7735.c:25:6:ST7735_Init	8	static
../Core/Src/st7735.c:44:6:ST7735_Init_Command1	8	static
../Core/Src/st7735.c:91:6:ST7735_Init_Command2	8	static
../Core/Src/st7735.c:105:6:ST7735_Init_Command3	8	static
../Core/Src/st7735.c:148:6:ST7735_PlotPoint	16	static
../Core/Src/st7735.c:162:6:ST7735_PlotIncrement	8	static
../Core/Src/st7735.c:170:6:ST7735_DrawPixel	24	static
../Core/Src/st7735.c:185:10:ST7735_DrawString	48	static
../Core/Src/st7735.c:197:6:ST7735_DrawCharS	48	static
../Core/Src/st7735.c:230:6:ST7735_Drawaxes	48	static
../Core/Src/st7735.c:274:6:ST7735_DrawFastHLine	32	static
../Core/Src/st7735.c:290:6:ST7735_DrawFastVLine	32	static
../Core/Src/st7735.c:306:6:ST7735_FillRectangle	24	static
../Core/Src/st7735.c:324:6:ST7735_FillScreen	24	static
../Core/Src/st7735.c:327:6:ST7735_DrawImage	40	static
../Core/Src/st7735.c:376:6:ST7735_InvertColors	16	static
../Core/Src/st7735.c:384:6:lcd7735_sendCmd	16	static
../Core/Src/st7735.c:390:6:lcd7735_sendData	16	static
../Core/Src/st7735.c:395:6:lcd7735_senddata	16	static
